 EndoScopeMFC

 Timestamp is 5fa0db46 (Tue Nov 03 12:23:34 2020)

 Preferred load address is 00400000

 Start         Length     Name                   Class
 0001:00000000 00017480H .text                   CODE
 0001:00017480 000011d5H .text$x                 CODE
 0001:00018660 000004d0H .text$yc                CODE
 0001:00018b30 00000169H .text$yd                CODE
 0002:00000000 0000079cH .idata$5                DATA
 0002:0000079c 00000004H .CRT$XCA                DATA
 0002:000007a0 00000004H .CRT$XCAA               DATA
 0002:000007a4 00000008H .CRT$XCL                DATA
 0002:000007ac 0000006cH .CRT$XCU                DATA
 0002:00000818 00000004H .CRT$XCZ                DATA
 0002:0000081c 00000004H .CRT$XIA                DATA
 0002:00000820 00000004H .CRT$XIAA               DATA
 0002:00000824 00000004H .CRT$XIC                DATA
 0002:00000828 00000004H .CRT$XIY                DATA
 0002:0000082c 00000004H .CRT$XIZ                DATA
 0002:00000830 000023f8H .rdata                  DATA
 0002:00002c28 000000acH .rdata$debug            DATA
 0002:00002cd4 00000bccH .rdata$r                DATA
 0002:000038a0 00000110H .rdata$sxdata           DATA
 0002:000039b0 00000004H .rtc$IAA                DATA
 0002:000039b4 00000004H .rtc$IZZ                DATA
 0002:000039b8 00000004H .rtc$TAA                DATA
 0002:000039bc 00000004H .rtc$TZZ                DATA
 0002:000039c0 00001248H .xdata$x                DATA
 0002:00004c08 00000000H ATL$__a                 DATA
 0002:00004c08 00000000H ATL$__z                 DATA
 0002:00004c08 00000154H .idata$2                DATA
 0002:00004d5c 00000014H .idata$3                DATA
 0002:00004d70 0000079cH .idata$4                DATA
 0002:0000550c 00001ce6H .idata$6                DATA
 0002:000071f2 00000000H .edata                  DATA
 0003:00000000 00000620H .data                   DATA
 0003:00000620 02cd3634H .bss                    DATA
 0004:00000000 000004fcH .rsrc$01                DATA
 0004:00000500 00011868H .rsrc$02                DATA

  Address         Publics by Value              Rva+Base       Lib:Object

 0000:00000000       __except_list              00000000     <absolute>
 0000:00000044       ___safe_se_handler_count   00000044     <absolute>
 0000:00009876       __ldused                   00009876     <absolute>
 0000:00009876       __fltused                  00009876     <absolute>
 0000:00000000       ___ImageBase               00400000     <linker-defined>
 0001:00000000       ??0CEDSGrabberCB@@QAE@XZ   00401000 f   CEDSGrabberCB.obj
 0001:00000050       ??0?$_Wrap_alloc@V?$allocator@V?$basic_string@DU?$char_traits@D@std@@V?$allocator@D@2@@std@@@std@@@std@@QAE@XZ 00401050 f i DataType.obj
 0001:00000050       ??0?$_Wrap_alloc@V?$allocator@U_Container_proxy@std@@@std@@@std@@QAE@XZ 00401050 f i DataType.obj
 0001:00000050       ??0?$_Wrap_alloc@V?$allocator@H@std@@@std@@QAE@XZ 00401050 f i EndoScopeMFCDlg.obj
 0001:00000050       ??0?$_Wrap_alloc@V?$allocator@PAUIBaseFilter@@@std@@@std@@QAE@XZ 00401050 f i EDSCapture.obj
 0001:00000050       ??0ISampleGrabberCB@@QAE@XZ 00401050 f i CEDSGrabberCB.obj
 0001:00000050       ??0?$_Wrap_alloc@V?$allocator@U?$_List_node@PAEPAX@std@@@std@@@std@@QAE@XZ 00401050 f i EndoScopeMFCDlg.obj
 0001:00000050       ??0?$_Wrap_alloc@V?$allocator@U?$_Tree_node@U?$pair@$$CBIN@std@@PAX@std@@@std@@@std@@QAE@XZ 00401050 f i DataType.obj
 0001:00000050       ??0?$_Wrap_alloc@V?$allocator@PAE@std@@@std@@QAE@XZ 00401050 f i DataType.obj
 0001:00000050       ??0?$_Wrap_alloc@V?$allocator@D@std@@@std@@QAE@XZ 00401050 f i CEDSGrabberCB.obj
 0001:00000070       ??1CEDSGrabberCB@@QAE@XZ   00401070 f   CEDSGrabberCB.obj
 0001:000000b0       ?QueryInterface@CEDSGrabberCB@@UAGJABU_GUID@@PAPAX@Z 004010b0 f   CEDSGrabberCB.obj
 0001:00000100       ?SampleCB@CEDSGrabberCB@@UAGJNPAUIMediaSample@@@Z 00401100 f   CEDSGrabberCB.obj
 0001:00000110       ?CropImage@CEDSGrabberCB@@QAEXPAEPAPAE@Z 00401110 f   CEDSGrabberCB.obj
 0001:00000150       ?BufferCB@CEDSGrabberCB@@UAGJNPAEJ@Z 00401150 f   CEDSGrabberCB.obj
 0001:000001b0       ?AddRef@CEDSGrabberCB@@UAGKXZ 004011b0 f   CEDSGrabberCB.obj
 0001:000001c0       ?Release@CEDSGrabberCB@@UAGKXZ 004011c0 f   CEDSGrabberCB.obj
 0001:000001d0       ??1_System_error_category@std@@UAE@XZ 004011d0 f i pch.obj
 0001:000001d0       ??1_Iostream_error_category@std@@UAE@XZ 004011d0 f i CEDSGrabberCB.obj
 0001:000001f0       ??0error_category@std@@QAE@XZ 004011f0 f i CEDSGrabberCB.obj
 0001:00000210       ??_G_Generic_error_category@std@@UAEPAXI@Z 00401210 f i CEDSGrabberCB.obj
 0001:00000210       ??_E_Generic_error_category@std@@UAEPAXI@Z 00401210 f i * CIL library *:* CIL module *
 0001:00000240       ?name@_Generic_error_category@std@@UBEPBDXZ 00401240 f i CEDSGrabberCB.obj
 0001:00000250       ??0_Generic_error_category@std@@QAE@XZ 00401250 f i CEDSGrabberCB.obj
 0001:00000270       ??_Gerror_category@std@@UAEPAXI@Z 00401270 f i CEDSGrabberCB.obj
 0001:00000270       ??_Eerror_category@std@@UAEPAXI@Z 00401270 f i * CIL library *:* CIL module *
 0001:000002a0       ??1error_category@std@@UAE@XZ 004012a0 f i CEDSGrabberCB.obj
 0001:000002c0       ??1_Generic_error_category@std@@UAE@XZ 004012c0 f i CEDSGrabberCB.obj
 0001:000002e0       ??_E_Iostream_error_category@std@@UAEPAXI@Z 004012e0 f i * CIL library *:* CIL module *
 0001:000002e0       ??_G_Iostream_error_category@std@@UAEPAXI@Z 004012e0 f i CEDSGrabberCB.obj
 0001:000002e0       ??_G_System_error_category@std@@UAEPAXI@Z 004012e0 f i pch.obj
 0001:000002e0       ??_E_System_error_category@std@@UAEPAXI@Z 004012e0 f i * CIL library *:* CIL module *
 0001:00000310       ?name@_Iostream_error_category@std@@UBEPBDXZ 00401310 f i CEDSGrabberCB.obj
 0001:00000320       ?length@?$char_traits@D@std@@SAIPBD@Z 00401320 f i CEDSGrabberCB.obj
 0001:00000370       ?assign@?$basic_string@DU?$char_traits@D@std@@V?$allocator@D@2@@std@@QAEAAV12@PBD@Z 00401370 f i CEDSGrabberCB.obj
 0001:000003a0       ??0?$basic_string@DU?$char_traits@D@std@@V?$allocator@D@2@@std@@QAE@PBD@Z 004013a0 f i CEDSGrabberCB.obj
 0001:000003e0       ?message@_Generic_error_category@std@@UBE?AV?$basic_string@DU?$char_traits@D@std@@V?$allocator@D@2@@2@H@Z 004013e0 f i CEDSGrabberCB.obj
 0001:00000440       ?message@_Iostream_error_category@std@@UBE?AV?$basic_string@DU?$char_traits@D@std@@V?$allocator@D@2@@2@H@Z 00401440 f i CEDSGrabberCB.obj
 0001:000004a0       ?category@error_code@std@@QBEABVerror_category@2@XZ 004014a0 f i CEDSGrabberCB.obj
 0001:000004a0       ?size@?$list@PAEV?$allocator@PAE@std@@@std@@QBEIXZ 004014a0 f i EndoScopeMFCDlg.obj
 0001:000004a0       ?category@error_condition@std@@QBEABVerror_category@2@XZ 004014a0 f i CEDSGrabberCB.obj
 0001:000004a0       ??BCSyncObject@@QBEPAXXZ   004014a0 f i EndoScopeMFCDlg.obj
 0001:000004c0       ??D?$_String_const_iterator@V?$_String_val@U?$_Simple_types@D@std@@@std@@@std@@QBEABDXZ 004014c0 f i EndoScopeMFCDlg.obj
 0001:000004c0       ?_Mynode@?$_List_unchecked_const_iterator@V?$_List_val@U?$_List_simple_types@PAE@std@@@std@@U_Iterator_base0@2@@std@@QBEPAU?$_List_node@PAEPAX@2@XZ 004014c0 f i EndoScopeMFCDlg.obj
 0001:000004c0       ?value@error_condition@std@@QBEHXZ 004014c0 f i CEDSGrabberCB.obj
 0001:000004c0       ??B?$CComPtrBase@UIBaseFilter@@@ATL@@QBEPAUIBaseFilter@@XZ 004014c0 f i EDSCapture.obj
 0001:000004c0       ??B?$CA2AEX@$0IA@@ATL@@QBEPADXZ 004014c0 f i DataType.obj
 0001:000004c0       ??C?$CComPtrBase@UICreateDevEnum@@@ATL@@QBEPAV?$_NoAddRefReleaseOnCComPtr@UICreateDevEnum@@@1@XZ 004014c0 f i EDSCapture.obj
 0001:000004c0       ??C?$CComPtrBase@UIMoniker@@@ATL@@QBEPAV?$_NoAddRefReleaseOnCComPtr@UIMoniker@@@1@XZ 004014c0 f i EDSCapture.obj
 0001:000004c0       ??B?$CComPtrBase@UISampleGrabber@@@ATL@@QBEPAUISampleGrabber@@XZ 004014c0 f i EDSCapture.obj
 0001:000004c0       ??C?$CComPtrBase@UISampleGrabber@@@ATL@@QBEPAV?$_NoAddRefReleaseOnCComPtr@UISampleGrabber@@@1@XZ 004014c0 f i EDSCapture.obj
 0001:000004c0       ??C?$CComPtrBase@UIEnumMoniker@@@ATL@@QBEPAV?$_NoAddRefReleaseOnCComPtr@UIEnumMoniker@@@1@XZ 004014c0 f i EDSCapture.obj
 0001:000004c0       ?value@error_code@std@@QBEHXZ 004014c0 f i CEDSGrabberCB.obj
 0001:000004c0       ?_Mynode@?$_Tree_unchecked_const_iterator@V?$_Tree_val@U?$_Tree_simple_types@U?$pair@$$CBIN@std@@@std@@@std@@U_Iterator_base0@2@@std@@QBEPAU?$_Tree_node@U?$pair@$$CBIN@std@@PAX@2@XZ 004014c0 f i DataType.obj
 0001:000004d0       ?equivalent@error_category@std@@UBE_NABVerror_code@2@H@Z 004014d0 f i CEDSGrabberCB.obj
 0001:00000520       ??8error_category@std@@QBE_NABV01@@Z 00401520 f i CEDSGrabberCB.obj
 0001:00000550       ??8error_condition@std@@QBE_NABV01@@Z 00401550 f i CEDSGrabberCB.obj
 0001:000005b0       ??0error_condition@std@@QAE@HABVerror_category@1@@Z 004015b0 f i CEDSGrabberCB.obj
 0001:000005b0       ??0?$Size_@H@cv@@QAE@HH@Z  004015b0 f i EndoScopeMFCDlg.obj
 0001:000005b0       ??0CvSize@@QAE@HH@Z        004015b0 f i EndoScopeMFCDlg.obj
 0001:000005b0       ??0?$Point_@H@cv@@QAE@HH@Z 004015b0 f i EndoScopeMFCDlg.obj
 0001:000005e0       ?default_error_condition@error_category@std@@UBE?AVerror_condition@2@H@Z 004015e0 f i CEDSGrabberCB.obj
 0001:00000600       ?equivalent@error_category@std@@UBE_NHABVerror_condition@2@@Z 00401600 f i CEDSGrabberCB.obj
 0001:00000630       ??0_Iostream_error_category@std@@QAE@XZ 00401630 f i CEDSGrabberCB.obj
 0001:00000650       ?_Inside@?$basic_string@DU?$char_traits@D@std@@V?$allocator@D@2@@std@@QAE_NPBD@Z 00401650 f i CEDSGrabberCB.obj
 0001:00000690       ?erase@?$basic_string@DU?$char_traits@D@std@@V?$allocator@D@2@@std@@QAEAAV12@I@Z 00401690 f i CEDSGrabberCB.obj
 0001:000006c0       ?_Xran@?$basic_string@DU?$char_traits@D@std@@V?$allocator@D@2@@std@@QBEXXZ 004016c0 f i CEDSGrabberCB.obj
 0001:000006e0       ?erase@?$basic_string@DU?$char_traits@D@std@@V?$allocator@D@2@@std@@QAEAAV12@II@Z 004016e0 f i CEDSGrabberCB.obj
 0001:00000770       ?assign@?$basic_string@DU?$char_traits@D@std@@V?$allocator@D@2@@std@@QAEAAV12@ABV12@II@Z 00401770 f i CEDSGrabberCB.obj
 0001:00000820       ?_Xlen@?$basic_string@DU?$char_traits@D@std@@V?$allocator@D@2@@std@@QBEXXZ 00401820 f i CEDSGrabberCB.obj
 0001:00000840       ?max_size@?$allocator@D@std@@QBEIXZ 00401840 f i CEDSGrabberCB.obj
 0001:00000850       ?max_size@?$allocator_traits@V?$allocator@D@std@@@std@@SAIABV?$allocator@D@2@@Z 00401850 f i CEDSGrabberCB.obj
 0001:00000860       ?max_size@?$_Wrap_alloc@V?$allocator@D@std@@@std@@QBEIXZ 00401860 f i CEDSGrabberCB.obj
 0001:00000880       ?max_size@?$basic_string@DU?$char_traits@D@std@@V?$allocator@D@2@@std@@QBEIXZ 00401880 f i CEDSGrabberCB.obj
 0001:000008c0       ??$_Allocate@D@std@@YAPADIPAD@Z 004018c0 f i CEDSGrabberCB.obj
 0001:00000900       ?allocate@?$allocator@D@std@@QAEPADI@Z 00401900 f i CEDSGrabberCB.obj
 0001:00000920       ?allocate@?$_Wrap_alloc@V?$allocator@D@std@@@std@@QAEPADI@Z 00401920 f i CEDSGrabberCB.obj
 0001:00000940       ?_Copy@?$basic_string@DU?$char_traits@D@std@@V?$allocator@D@2@@std@@QAEXII@Z 00401940 f i CEDSGrabberCB.obj
 0001:00000b10       ?_Grow@?$basic_string@DU?$char_traits@D@std@@V?$allocator@D@2@@std@@QAE_NI_N@Z 00401b10 f i CEDSGrabberCB.obj
 0001:00000bc0       ?assign@?$basic_string@DU?$char_traits@D@std@@V?$allocator@D@2@@std@@QAEAAV12@PBDI@Z 00401bc0 f i CEDSGrabberCB.obj
 0001:00000c40       _==                        00401c40 f i CEDSGrabberCB.obj
 0001:00000c70       ??0?$_String_val@U?$_Simple_types@D@std@@@std@@QAE@XZ 00401c70 f i CEDSGrabberCB.obj
 0001:00000ca0       ??0?$_String_alloc@$0A@U?$_String_base_types@DV?$allocator@D@std@@@std@@@std@@QAE@ABV?$allocator@D@1@@Z 00401ca0 f i CEDSGrabberCB.obj
 0001:00000cc0       ?move@?$char_traits@D@std@@SAPADPADPBDI@Z 00401cc0 f i CEDSGrabberCB.obj
 0001:00000d00       ??2@YAPAXIPAX@Z            00401d00 f i CEDSGrabberCB.obj
 0001:00000d10       ??3@YAXPAX0@Z              00401d10 f i CEDSGrabberCB.obj
 0001:00000d10       ??$_Destroy_range@U?$_Wrap_alloc@V?$allocator@H@std@@@std@@@std@@YAXPAH0AAU?$_Wrap_alloc@V?$allocator@H@std@@@0@U_Scalar_ptr_iterator_tag@0@@Z 00401d10 f i EndoScopeMFCDlg.obj
 0001:00000d10       ??$_Destroy_range@U?$_Wrap_alloc@V?$allocator@PAUIBaseFilter@@@std@@@std@@@std@@YAXPAPAUIBaseFilter@@0AAU?$_Wrap_alloc@V?$allocator@PAUIBaseFilter@@@std@@@0@U_Scalar_ptr_iterator_tag@0@@Z 00401d10 f i EDSCapture.obj
 0001:00000d20       ??$construct@PAEABQAE@?$allocator@U?$_List_node@PAEPAX@std@@@std@@QAEXPAPAEABQAE@Z 00401d20 f i EndoScopeMFCDlg.obj
 0001:00000d20       ??$construct@PADAAPAD@?$allocator@D@std@@QAEXPAPADAAPAD@Z 00401d20 f i CEDSGrabberCB.obj
 0001:00000d20       ??$construct@PAU?$_List_node@PAEPAX@std@@AAPAU12@@?$allocator@U?$_List_node@PAEPAX@std@@@std@@QAEXPAPAU?$_List_node@PAEPAX@1@AAPAU21@@Z 00401d20 f i EndoScopeMFCDlg.obj
 0001:00000d20       ??$construct@PAU?$_Tree_node@U?$pair@$$CBIN@std@@PAX@std@@AAPAU12@@?$allocator@U?$_Tree_node@U?$pair@$$CBIN@std@@PAX@std@@@std@@QAEXPAPAU?$_Tree_node@U?$pair@$$CBIN@std@@PAX@1@AAPAU21@@Z 00401d20 f i DataType.obj
 0001:00000db0       ??$construct@PADAAPAD@?$allocator_traits@V?$allocator@D@std@@@std@@SAXAAV?$allocator@D@1@PAPADAAPAD@Z 00401db0 f i CEDSGrabberCB.obj
 0001:00000db0       ??$construct@PAEABQAE@?$allocator_traits@V?$allocator@U?$_List_node@PAEPAX@std@@@std@@@std@@SAXAAV?$allocator@U?$_List_node@PAEPAX@std@@@1@PAPAEABQAE@Z 00401db0 f i EndoScopeMFCDlg.obj
 0001:00000db0       ??$construct@PAU?$_Tree_node@U?$pair@$$CBIN@std@@PAX@std@@AAPAU12@@?$allocator_traits@V?$allocator@U?$_Tree_node@U?$pair@$$CBIN@std@@PAX@std@@@std@@@std@@SAXAAV?$allocator@U?$_Tree_node@U?$pair@$$CBIN@std@@PAX@std@@@1@PAPAU?$_Tree_node@U?$pair@$$CBIN@std@@PAX@1@AAPAU31@@Z 00401db0 f i DataType.obj
 0001:00000db0       ??$construct@PAU?$_List_node@PAEPAX@std@@AAPAU12@@?$allocator_traits@V?$allocator@U?$_List_node@PAEPAX@std@@@std@@@std@@SAXAAV?$allocator@U?$_List_node@PAEPAX@std@@@1@PAPAU?$_List_node@PAEPAX@1@AAPAU31@@Z 00401db0 f i EndoScopeMFCDlg.obj
 0001:00000dd0       ??$_Unchecked@PAN@std@@YAPANPAN@Z 00401dd0 f i EndoScopeMFCDlg.obj
 0001:00000dd0       ?_Left@?$_Tree_val@U?$_Tree_simple_types@U?$pair@$$CBIN@std@@@std@@@std@@SAAAPAU?$_Tree_node@U?$pair@$$CBIN@std@@PAX@2@PAU32@@Z 00401dd0 f i DataType.obj
 0001:00000dd0       ??$forward@ABQAE@std@@YAABQAEABQAE@Z 00401dd0 f i EndoScopeMFCDlg.obj
 0001:00000dd0       ??$addressof@U?$pair@$$CBIN@std@@@std@@YAPAU?$pair@$$CBIN@0@AAU10@@Z 00401dd0 f i DataType.obj
 0001:00000dd0       ??$_Move@AAD@std@@YA$$QADAAD@Z 00401dd0 f i DataType.obj
 0001:00000dd0       ??$addressof@PAE@std@@YAPAPAEAAPAE@Z 00401dd0 f i EndoScopeMFCDlg.obj
 0001:00000dd0       ??$forward@U_Container_proxy@std@@@std@@YA$$QAU_Container_proxy@0@AAU10@@Z 00401dd0 f i DataType.obj
 0001:00000dd0       ??$addressof@PAU?$_List_node@PAEPAX@std@@@std@@YAPAPAU?$_List_node@PAEPAX@0@AAPAU10@@Z 00401dd0 f i EndoScopeMFCDlg.obj
 0001:00000dd0       ??$forward@AAPAD@std@@YAAAPADAAPAD@Z 00401dd0 f i CEDSGrabberCB.obj
 0001:00000dd0       ??$addressof@D@std@@YAPADAAD@Z 00401dd0 f i CEDSGrabberCB.obj
 0001:00000dd0       ??$forward@AAPAU?$_Tree_node@U?$pair@$$CBIN@std@@PAX@std@@@std@@YAAAPAU?$_Tree_node@U?$pair@$$CBIN@std@@PAX@0@AAPAU10@@Z 00401dd0 f i DataType.obj
 0001:00000dd0       ??$move@AAV?$basic_istream@DU?$char_traits@D@std@@@std@@@std@@YA$$QAV?$basic_istream@DU?$char_traits@D@std@@@0@AAV10@@Z 00401dd0 f i EndoScopeMFCDlg.obj
 0001:00000dd0       ??$forward@AAPAU?$_List_node@PAEPAX@std@@@std@@YAAAPAU?$_List_node@PAEPAX@0@AAPAU10@@Z 00401dd0 f i EndoScopeMFCDlg.obj
 0001:00000dd0       ?_Nextnode@?$_List_val@U?$_List_simple_types@PAE@std@@@std@@SAAAPAU?$_List_node@PAEPAX@2@PAU32@@Z 00401dd0 f i EndoScopeMFCDlg.obj
 0001:00000dd0       ??$addressof@PAU?$_Tree_node@U?$pair@$$CBIN@std@@PAX@std@@@std@@YAPAPAU?$_Tree_node@U?$pair@$$CBIN@std@@PAX@0@AAPAU10@@Z 00401dd0 f i DataType.obj
 0001:00000de0       ??$construct@PADAAPAD@?$_Wrap_alloc@V?$allocator@D@std@@@std@@QAEXPAPADAAPAD@Z 00401de0 f i CEDSGrabberCB.obj
 0001:00000de0       ??$construct@PAU?$_List_node@PAEPAX@std@@AAPAU12@@?$_Wrap_alloc@V?$allocator@U?$_List_node@PAEPAX@std@@@std@@@std@@QAEXPAPAU?$_List_node@PAEPAX@1@AAPAU21@@Z 00401de0 f i EndoScopeMFCDlg.obj
 0001:00000de0       ??$construct@PAU?$_Tree_node@U?$pair@$$CBIN@std@@PAX@std@@AAPAU12@@?$_Wrap_alloc@V?$allocator@U?$_Tree_node@U?$pair@$$CBIN@std@@PAX@std@@@std@@@std@@QAEXPAPAU?$_Tree_node@U?$pair@$$CBIN@std@@PAX@1@AAPAU21@@Z 00401de0 f i DataType.obj
 0001:00000de0       ??$construct@PAEABQAE@?$_Wrap_alloc@V?$allocator@U?$_List_node@PAEPAX@std@@@std@@@std@@QAEXPAPAEABQAE@Z 00401de0 f i EndoScopeMFCDlg.obj
 0001:00000e10       ?Dump@CObject@@UBEXAAVCDumpContext@@@Z 00401e10 f i CSetPSW.obj
 0001:00000e10       ??$destroy@PAU?$_Tree_node@U?$pair@$$CBIN@std@@PAX@std@@@?$allocator@U?$_Tree_node@U?$pair@$$CBIN@std@@PAX@std@@@std@@QAEXPAPAU?$_Tree_node@U?$pair@$$CBIN@std@@PAX@1@@Z 00401e10 f i DataType.obj
 0001:00000e10       ??$destroy@PAD@?$allocator@D@std@@QAEXPAPAD@Z 00401e10 f i CEDSGrabberCB.obj
 0001:00000e10       ??$destroy@PAE@?$allocator@U?$_List_node@PAEPAX@std@@@std@@QAEXPAPAE@Z 00401e10 f i EndoScopeMFCDlg.obj
 0001:00000e10       ??$destroy@PAU?$_List_node@PAEPAX@std@@@?$allocator@U?$_List_node@PAEPAX@std@@@std@@QAEXPAPAU?$_List_node@PAEPAX@1@@Z 00401e10 f i EndoScopeMFCDlg.obj
 0001:00000e10       ?_Adopt@_Iterator_base0@std@@QAEXPBX@Z 00401e10 f i DataType.obj
 0001:00000e10       ??$destroy@U_Container_proxy@std@@@?$allocator@U_Container_proxy@std@@@std@@QAEXPAU_Container_proxy@1@@Z 00401e10 f i DataType.obj
 0001:00000e10       ?DoDataExchange@CWnd@@MAEXPAVCDataExchange@@@Z 00401e10 f i CSetPSW.obj
 0001:00000e10       ??$destroy@PAE@?$allocator@PAE@std@@QAEXPAPAE@Z 00401e10 f i DataType.obj
 0001:00000e10       ??$destroy@PAPAE@?$allocator@PAE@std@@QAEXPAPAPAE@Z 00401e10 f i DataType.obj
 0001:00000e10       ??$destroy@U?$pair@$$CBIN@std@@@?$allocator@U?$_Tree_node@U?$pair@$$CBIN@std@@PAX@std@@@std@@QAEXPAU?$pair@$$CBIN@1@@Z 00401e10 f i DataType.obj
 0001:00000e10       ??$destroy@PAV?$basic_string@DU?$char_traits@D@std@@V?$allocator@D@2@@std@@@?$allocator@V?$basic_string@DU?$char_traits@D@std@@V?$allocator@D@2@@std@@@std@@QAEXPAPAV?$basic_string@DU?$char_traits@D@std@@V?$allocator@D@2@@1@@Z 00401e10 f i DataType.obj
 0001:00000e10       ?Serialize@CObject@@UAEXAAVCArchive@@@Z 00401e10 f i CSetPSW.obj
 0001:00000e20       ??$destroy@PAU?$_Tree_node@U?$pair@$$CBIN@std@@PAX@std@@@?$allocator_traits@V?$allocator@U?$_Tree_node@U?$pair@$$CBIN@std@@PAX@std@@@std@@@std@@SAXAAV?$allocator@U?$_Tree_node@U?$pair@$$CBIN@std@@PAX@std@@@1@PAPAU?$_Tree_node@U?$pair@$$CBIN@std@@PAX@1@@Z 00401e20 f i DataType.obj
 0001:00000e20       ??$destroy@PAU?$_List_node@PAEPAX@std@@@?$allocator_traits@V?$allocator@U?$_List_node@PAEPAX@std@@@std@@@std@@SAXAAV?$allocator@U?$_List_node@PAEPAX@std@@@1@PAPAU?$_List_node@PAEPAX@1@@Z 00401e20 f i EndoScopeMFCDlg.obj
 0001:00000e20       ??$destroy@U_Container_proxy@std@@@?$allocator_traits@V?$allocator@U_Container_proxy@std@@@std@@@std@@SAXAAV?$allocator@U_Container_proxy@std@@@1@PAU_Container_proxy@1@@Z 00401e20 f i DataType.obj
 0001:00000e20       ??$destroy@PAE@?$allocator_traits@V?$allocator@PAE@std@@@std@@SAXAAV?$allocator@PAE@1@PAPAE@Z 00401e20 f i DataType.obj
 0001:00000e20       ??$destroy@PAD@?$allocator_traits@V?$allocator@D@std@@@std@@SAXAAV?$allocator@D@1@PAPAD@Z 00401e20 f i CEDSGrabberCB.obj
 0001:00000e20       ??$destroy@PAE@?$allocator_traits@V?$allocator@U?$_List_node@PAEPAX@std@@@std@@@std@@SAXAAV?$allocator@U?$_List_node@PAEPAX@std@@@1@PAPAE@Z 00401e20 f i EndoScopeMFCDlg.obj
 0001:00000e20       ??$destroy@PAPAE@?$allocator_traits@V?$allocator@PAE@std@@@std@@SAXAAV?$allocator@PAE@1@PAPAPAE@Z 00401e20 f i DataType.obj
 0001:00000e20       ??$destroy@U?$pair@$$CBIN@std@@@?$allocator_traits@V?$allocator@U?$_Tree_node@U?$pair@$$CBIN@std@@PAX@std@@@std@@@std@@SAXAAV?$allocator@U?$_Tree_node@U?$pair@$$CBIN@std@@PAX@std@@@1@PAU?$pair@$$CBIN@1@@Z 00401e20 f i DataType.obj
 0001:00000e20       ??$destroy@PAV?$basic_string@DU?$char_traits@D@std@@V?$allocator@D@2@@std@@@?$allocator_traits@V?$allocator@V?$basic_string@DU?$char_traits@D@std@@V?$allocator@D@2@@std@@@std@@@std@@SAXAAV?$allocator@V?$basic_string@DU?$char_traits@D@std@@V?$allocator@D@2@@std@@@1@PAPAV?$basic_string@DU?$char_traits@D@std@@V?$allocator@D@2@@1@@Z 00401e20 f i DataType.obj
 0001:00000e40       ??$destroy@PAU?$_Tree_node@U?$pair@$$CBIN@std@@PAX@std@@@?$_Wrap_alloc@V?$allocator@U?$_Tree_node@U?$pair@$$CBIN@std@@PAX@std@@@std@@@std@@QAEXPAPAU?$_Tree_node@U?$pair@$$CBIN@std@@PAX@1@@Z 00401e40 f i DataType.obj
 0001:00000e40       ??$destroy@PAE@?$_Wrap_alloc@V?$allocator@U?$_List_node@PAEPAX@std@@@std@@@std@@QAEXPAPAE@Z 00401e40 f i EndoScopeMFCDlg.obj
 0001:00000e40       ??$destroy@PAE@?$_Wrap_alloc@V?$allocator@PAE@std@@@std@@QAEXPAPAE@Z 00401e40 f i DataType.obj
 0001:00000e40       ??$destroy@U_Container_proxy@std@@@?$_Wrap_alloc@V?$allocator@U_Container_proxy@std@@@std@@@std@@QAEXPAU_Container_proxy@1@@Z 00401e40 f i DataType.obj
 0001:00000e40       ??$destroy@PAD@?$_Wrap_alloc@V?$allocator@D@std@@@std@@QAEXPAPAD@Z 00401e40 f i CEDSGrabberCB.obj
 0001:00000e40       ??$destroy@PAPAE@?$_Wrap_alloc@V?$allocator@PAE@std@@@std@@QAEXPAPAPAE@Z 00401e40 f i DataType.obj
 0001:00000e40       ??$destroy@PAU?$_List_node@PAEPAX@std@@@?$_Wrap_alloc@V?$allocator@U?$_List_node@PAEPAX@std@@@std@@@std@@QAEXPAPAU?$_List_node@PAEPAX@1@@Z 00401e40 f i EndoScopeMFCDlg.obj
 0001:00000e40       ??$destroy@PAV?$basic_string@DU?$char_traits@D@std@@V?$allocator@D@2@@std@@@?$_Wrap_alloc@V?$allocator@V?$basic_string@DU?$char_traits@D@std@@V?$allocator@D@2@@std@@@std@@@std@@QAEXPAPAV?$basic_string@DU?$char_traits@D@std@@V?$allocator@D@2@@1@@Z 00401e40 f i DataType.obj
 0001:00000e40       ??$destroy@U?$pair@$$CBIN@std@@@?$_Wrap_alloc@V?$allocator@U?$_Tree_node@U?$pair@$$CBIN@std@@PAX@std@@@std@@@std@@QAEXPAU?$pair@$$CBIN@1@@Z 00401e40 f i DataType.obj
 0001:00000e60       ?copy@?$char_traits@D@std@@SAPADPADPBDI@Z 00401e60 f i CEDSGrabberCB.obj
 0001:00000e90       ?deallocate@?$allocator@PAE@std@@QAEXPAPAEI@Z 00401e90 f i DataType.obj
 0001:00000e90       ?deallocate@?$allocator@PAPAE@std@@QAEXPAPAPAEI@Z 00401e90 f i DataType.obj
 0001:00000e90       ?deallocate@?$allocator@H@std@@QAEXPAHI@Z 00401e90 f i EndoScopeMFCDlg.obj
 0001:00000e90       ?deallocate@?$allocator@PAUIBaseFilter@@@std@@QAEXPAPAUIBaseFilter@@I@Z 00401e90 f i EDSCapture.obj
 0001:00000e90       ?deallocate@?$allocator@V?$basic_string@DU?$char_traits@D@std@@V?$allocator@D@2@@std@@@std@@QAEXPAV?$basic_string@DU?$char_traits@D@std@@V?$allocator@D@2@@2@I@Z 00401e90 f i DataType.obj
 0001:00000e90       ?deallocate@?$allocator@U?$_List_node@PAEPAX@std@@@std@@QAEXPAU?$_List_node@PAEPAX@2@I@Z 00401e90 f i EndoScopeMFCDlg.obj
 0001:00000e90       ?deallocate@?$allocator@U?$_Tree_node@U?$pair@$$CBIN@std@@PAX@std@@@std@@QAEXPAU?$_Tree_node@U?$pair@$$CBIN@std@@PAX@2@I@Z 00401e90 f i DataType.obj
 0001:00000e90       ?deallocate@?$allocator@PAV?$basic_string@DU?$char_traits@D@std@@V?$allocator@D@2@@std@@@std@@QAEXPAPAV?$basic_string@DU?$char_traits@D@std@@V?$allocator@D@2@@2@I@Z 00401e90 f i DataType.obj
 0001:00000e90       ?deallocate@?$allocator@D@std@@QAEXPADI@Z 00401e90 f i CEDSGrabberCB.obj
 0001:00000e90       ?deallocate@?$allocator@U_Container_proxy@std@@@std@@QAEXPAU_Container_proxy@2@I@Z 00401e90 f i DataType.obj
 0001:00000eb0       ?deallocate@?$_Wrap_alloc@V?$allocator@PAV?$basic_string@DU?$char_traits@D@std@@V?$allocator@D@2@@std@@@std@@@std@@QAEXPAPAV?$basic_string@DU?$char_traits@D@std@@V?$allocator@D@2@@2@I@Z 00401eb0 f i DataType.obj
 0001:00000eb0       ?deallocate@?$_Wrap_alloc@V?$allocator@D@std@@@std@@QAEXPADI@Z 00401eb0 f i CEDSGrabberCB.obj
 0001:00000eb0       ?deallocate@?$_Wrap_alloc@V?$allocator@U_Container_proxy@std@@@std@@@std@@QAEXPAU_Container_proxy@2@I@Z 00401eb0 f i DataType.obj
 0001:00000eb0       ?deallocate@?$_Wrap_alloc@V?$allocator@PAUIBaseFilter@@@std@@@std@@QAEXPAPAUIBaseFilter@@I@Z 00401eb0 f i EDSCapture.obj
 0001:00000eb0       ?deallocate@?$_Wrap_alloc@V?$allocator@V?$basic_string@DU?$char_traits@D@std@@V?$allocator@D@2@@std@@@std@@@std@@QAEXPAV?$basic_string@DU?$char_traits@D@std@@V?$allocator@D@2@@2@I@Z 00401eb0 f i DataType.obj
 0001:00000eb0       ?deallocate@?$_Wrap_alloc@V?$allocator@PAE@std@@@std@@QAEXPAPAEI@Z 00401eb0 f i DataType.obj
 0001:00000eb0       ?deallocate@?$_Wrap_alloc@V?$allocator@H@std@@@std@@QAEXPAHI@Z 00401eb0 f i EndoScopeMFCDlg.obj
 0001:00000eb0       ?deallocate@?$_Wrap_alloc@V?$allocator@U?$_List_node@PAEPAX@std@@@std@@@std@@QAEXPAU?$_List_node@PAEPAX@2@I@Z 00401eb0 f i EndoScopeMFCDlg.obj
 0001:00000eb0       ?deallocate@?$_Wrap_alloc@V?$allocator@PAPAE@std@@@std@@QAEXPAPAPAEI@Z 00401eb0 f i DataType.obj
 0001:00000eb0       ?deallocate@?$_Wrap_alloc@V?$allocator@U?$_Tree_node@U?$pair@$$CBIN@std@@PAX@std@@@std@@@std@@QAEXPAU?$_Tree_node@U?$pair@$$CBIN@std@@PAX@2@I@Z 00401eb0 f i DataType.obj
 0001:00000ed0       ??0?$allocator@D@std@@QAE@XZ 00401ed0 f i CEDSGrabberCB.obj
 0001:00000ed0       ??0?$allocator@H@std@@QAE@XZ 00401ed0 f i EndoScopeMFCDlg.obj
 0001:00000ed0       ??0?$allocator@U?$pair@$$CBIN@std@@@std@@QAE@XZ 00401ed0 f i DataType.obj
 0001:00000ed0       ??0CObject@@IAE@XZ         00401ed0 f i EndoScopeMFCDlg.obj
 0001:00000ed0       ??0IUnknown@@QAE@XZ        00401ed0 f i CEDSGrabberCB.obj
 0001:00000ed0       ??BCRect@@QAEPAUtagRECT@@XZ 00401ed0 f i EndoScopeMFCDlg.obj
 0001:00000ed0       ??0?$allocator@U?$_List_node@PAEPAX@std@@@std@@QAE@XZ 00401ed0 f i EndoScopeMFCDlg.obj
 0001:00000ed0       ??I?$CComPtrBase@UIEnumMoniker@@@ATL@@QAEPAPAUIEnumMoniker@@XZ 00401ed0 f i EDSCapture.obj
 0001:00000ed0       ??0?$allocator@U?$_Tree_node@U?$pair@$$CBIN@std@@PAX@std@@@std@@QAE@XZ 00401ed0 f i DataType.obj
 0001:00000ed0       ??I?$CComPtrBase@UICreateDevEnum@@@ATL@@QAEPAPAUICreateDevEnum@@XZ 00401ed0 f i EDSCapture.obj
 0001:00000ed0       ??I?$CComPtrBase@UIMoniker@@@ATL@@QAEPAPAUIMoniker@@XZ 00401ed0 f i EDSCapture.obj
 0001:00000ed0       ??0?$allocator@U_Container_proxy@std@@@std@@QAE@XZ 00401ed0 f i DataType.obj
 0001:00000ed0       ??0?$allocator@PAE@std@@QAE@XZ 00401ed0 f i DataType.obj
 0001:00000ed0       ??0?$allocator@V?$basic_string@DU?$char_traits@D@std@@V?$allocator@D@2@@std@@@std@@QAE@XZ 00401ed0 f i DataType.obj
 0001:00000ed0       ??0?$allocator@PAUIBaseFilter@@@std@@QAE@XZ 00401ed0 f i EDSCapture.obj
 0001:00000ee0       ?_Getal@?$_List_alloc@$0A@U?$_List_base_types@PAEV?$allocator@PAE@std@@@std@@@std@@QBE?AU?$_Wrap_alloc@V?$allocator@U?$_List_node@PAEPAX@std@@@std@@@2@XZ 00401ee0 f i EndoScopeMFCDlg.obj
 0001:00000ee0       ?_Getal@?$_Deque_alloc@$0A@U?$_Deque_base_types@PAEV?$allocator@PAE@std@@@std@@@std@@QBE?AU?$_Wrap_alloc@V?$allocator@PAE@std@@@2@XZ 00401ee0 f i DataType.obj
 0001:00000ee0       ?_Getal@?$_Tree_alloc@$0A@U?$_Tree_base_types@U?$pair@$$CBIN@std@@V?$allocator@U?$pair@$$CBIN@std@@@2@@std@@@std@@QBE?AU?$_Wrap_alloc@V?$allocator@U?$_Tree_node@U?$pair@$$CBIN@std@@PAX@std@@@std@@@2@XZ 00401ee0 f i DataType.obj
 0001:00000ee0       ?_Getal@?$_String_alloc@$0A@U?$_String_base_types@DV?$allocator@D@std@@@std@@@std@@QBE?AU?$_Wrap_alloc@V?$allocator@D@std@@@2@XZ 00401ee0 f i CEDSGrabberCB.obj
 0001:00000ee0       ?_Getal@?$_Vector_alloc@$0A@U?$_Vec_base_types@PAUIBaseFilter@@V?$allocator@PAUIBaseFilter@@@std@@@std@@@std@@QBE?AU?$_Wrap_alloc@V?$allocator@PAUIBaseFilter@@@std@@@2@XZ 00401ee0 f i EDSCapture.obj
 0001:00000ee0       ?_Getal@?$_Vector_alloc@$0A@U?$_Vec_base_types@HV?$allocator@H@std@@@std@@@std@@QBE?AU?$_Wrap_alloc@V?$allocator@H@std@@@2@XZ 00401ee0 f i EndoScopeMFCDlg.obj
 0001:00000ee0       ?_Getal@?$_Deque_alloc@$0A@U?$_Deque_base_types@V?$basic_string@DU?$char_traits@D@std@@V?$allocator@D@2@@std@@V?$allocator@V?$basic_string@DU?$char_traits@D@std@@V?$allocator@D@2@@std@@@2@@std@@@std@@QBE?AU?$_Wrap_alloc@V?$allocator@V?$basic_string@DU?$char_traits@D@std@@V?$allocator@D@2@@std@@@std@@@2@XZ 00401ee0 f i DataType.obj
 0001:00000f00       ?assign@?$char_traits@D@std@@SAXAADABD@Z 00401f00 f i CEDSGrabberCB.obj
 0001:00000f10       ?_Myptr@?$_String_val@U?$_Simple_types@D@std@@@std@@QBEPBDXZ 00401f10 f i CEDSGrabberCB.obj
 0001:00000f10       ?_Myptr@?$_String_val@U?$_Simple_types@D@std@@@std@@QAEPADXZ 00401f10 f i CEDSGrabberCB.obj
 0001:00000f50       ?_Eos@?$basic_string@DU?$char_traits@D@std@@V?$allocator@D@2@@std@@QAEXI@Z 00401f50 f i CEDSGrabberCB.obj
 0001:00000f90       ?_Tidy@?$basic_string@DU?$char_traits@D@std@@V?$allocator@D@2@@std@@QAEX_NI@Z 00401f90 f i CEDSGrabberCB.obj
 0001:00001030       ??1?$basic_string@DU?$char_traits@D@std@@V?$allocator@D@2@@std@@QAE@XZ 00402030 f i CEDSGrabberCB.obj
 0001:00001050       ?state@?$fpos@H@std@@QBEHXZ 00402050 f i EndoScopeMFCDlg.obj
 0001:00001050       ?size@?$basic_string@DU?$char_traits@D@std@@V?$allocator@D@2@@std@@QBEIXZ 00402050 f i CEDSGrabberCB.obj
 0001:00001070       _IsEqualGUID               00402070 f i CEDSGrabberCB.obj
 0001:000010b0       ?_GetBaseClass@CSetPSW@@KGPAUCRuntimeClass@@XZ 004020b0 f   CSetPSW.obj
 0001:000010b0       ?_GetBaseClass@Login@@KGPAUCRuntimeClass@@XZ 004020b0 f   Login.obj
 0001:000010c0       ?GetRuntimeClass@CSetPSW@@UBEPAUCRuntimeClass@@XZ 004020c0 f   CSetPSW.obj
 0001:000010d0       ??0CSetPSW@@QAE@PAVCWnd@@@Z 004020d0 f   CSetPSW.obj
 0001:00001100       ??_ECSetPSW@@UAEPAXI@Z     00402100 f i * CIL library *:* CIL module *
 0001:00001100       ??_GCSetPSW@@UAEPAXI@Z     00402100 f i CSetPSW.obj
 0001:00001130       ??1CDialogEx@@UAE@XZ       00402130 f i CSetPSW.obj
 0001:000011a0       ??1CSetPSW@@UAE@XZ         004021a0 f   CSetPSW.obj
 0001:000011c0       ?DoDataExchange@CEndoScopeMFCDlg@@MAEXPAVCDataExchange@@@Z 004021c0 f   EndoScopeMFCDlg.obj
 0001:000011c0       ?DoDataExchange@CAboutDlg@@MAEXPAVCDataExchange@@@Z 004021c0 f   EndoScopeMFCDlg.obj
 0001:000011c0       ?DoDataExchange@CSetPSW@@MAEXPAVCDataExchange@@@Z 004021c0 f   CSetPSW.obj
 0001:000011e0       ?GetMessageMap@CSetPSW@@MBEPBUAFX_MSGMAP@@XZ 004021e0 f   CSetPSW.obj
 0001:000011f0       ?GetThisMessageMap@CSetPSW@@KGPBUAFX_MSGMAP@@XZ 004021f0 f   CSetPSW.obj
 0001:00001200       ?OnBnClickedOk@CSetPSW@@QAEXXZ 00402200 f   CSetPSW.obj
 0001:00001720       ?noAnorD@CSetPSW@@QAE_NPBD@Z 00402720 f   CSetPSW.obj
 0001:00001790       ??8ATL@@YA_NPBDABV?$CStringT@DV?$StrTraitMFC_DLL@DV?$ChTraitsCRT@D@ATL@@@@@0@@Z 00402790 f i CSetPSW.obj
 0001:000017c0       ??9ATL@@YA_NABV?$CStringT@DV?$StrTraitMFC_DLL@DV?$ChTraitsCRT@D@ATL@@@@@0@0@Z 004027c0 f i CSetPSW.obj
 0001:00001800       ?Create@CDialog@@UAEHIPAVCWnd@@@Z 00402800 f i CSetPSW.obj
 0001:00001820       ?EndModalState@CWnd@@UAEXXZ 00402820 f i CSetPSW.obj
 0001:00001840       ?BeginModalState@CWnd@@UAEXXZ 00402840 f i CSetPSW.obj
 0001:00001860       ??8ATL@@YA_NABV?$CStringT@DV?$StrTraitMFC_DLL@DV?$ChTraitsCRT@D@ATL@@@@@0@0@Z 00402860 f i CSetPSW.obj
 0001:000018a0       ??HATL@@YA?AV?$CStringT@DV?$StrTraitMFC_DLL@DV?$ChTraitsCRT@D@ATL@@@@@0@ABV10@PBD@Z 004028a0 f i CSetPSW.obj
 0001:00001960       ??_GCBrush@@UAEPAXI@Z      00402960 f i CSetPSW.obj
 0001:00001960       ??_ECBrush@@UAEPAXI@Z      00402960 f i * CIL library *:* CIL module *
 0001:00001990       ??_ECGdiObject@@UAEPAXI@Z  00402990 f i * CIL library *:* CIL module *
 0001:00001990       ??_GCGdiObject@@UAEPAXI@Z  00402990 f i CSetPSW.obj
 0001:000019c0       ??1CObject@@UAE@XZ         004029c0 f i CSetPSW.obj
 0001:000019c0       ?AssertValid@CObject@@UBEXXZ 004029c0 f i CSetPSW.obj
 0001:000019c0       ?OnBnClickedButOk@CEndoScopeMFCDlg@@QAEXXZ 004029c0 f i EndoScopeMFCDlg.obj
 0001:000019c0       ??1_InputArray@cv@@QAE@XZ  004029c0 f i EndoScopeMFCDlg.obj
 0001:000019d0       ??1CGdiObject@@UAE@XZ      004029d0 f i CSetPSW.obj
 0001:00001b80       ??1CBrush@@UAE@XZ          00402b80 f i CSetPSW.obj
 0001:00001ba0       ??3CObject@@SGXPAX@Z       00402ba0 f i CSetPSW.obj
 0001:00001bc0       ?__autoclassinit@?$queue@V?$basic_string@DU?$char_traits@D@std@@V?$allocator@D@2@@std@@V?$deque@V?$basic_string@DU?$char_traits@D@std@@V?$allocator@D@2@@std@@V?$allocator@V?$basic_string@DU?$char_traits@D@std@@V?$allocator@D@2@@std@@@2@@2@@std@@QAEXI@Z 00402bc0 f i DataType.obj
 0001:00001bc0       ?__autoclassinit@?$queue@PAEV?$deque@PAEV?$allocator@PAE@std@@@std@@@std@@QAEXI@Z 00402bc0 f i DataType.obj
 0001:00001be0       ??1?$queue@PAEV?$deque@PAEV?$allocator@PAE@std@@@std@@@std@@QAE@XZ 00402be0 f i DataType.obj
 0001:00001c00       ?__autoclassinit@?$deque@PAEV?$allocator@PAE@std@@@std@@QAEXI@Z 00402c00 f i DataType.obj
 0001:00001c00       ?__autoclassinit@?$deque@V?$basic_string@DU?$char_traits@D@std@@V?$allocator@D@2@@std@@V?$allocator@V?$basic_string@DU?$char_traits@D@std@@V?$allocator@D@2@@std@@@2@@std@@QAEXI@Z 00402c00 f i DataType.obj
 0001:00001c20       ?__autoclassinit@CEvent@@QAEXI@Z 00402c20 f i EndoScopeMFCDlg.obj
 0001:00001c20       ?__autoclassinit@?$_Deque_alloc@$0A@U?$_Deque_base_types@PAEV?$allocator@PAE@std@@@std@@@std@@QAEXI@Z 00402c20 f i DataType.obj
 0001:00001c20       ?__autoclassinit@CFont@@QAEXI@Z 00402c20 f i EndoScopeMFCDlg.obj
 0001:00001c20       ?__autoclassinit@CBrush@@QAEXI@Z 00402c20 f i EndoScopeMFC.obj
 0001:00001c20       ?__autoclassinit@?$_Deque_alloc@$0A@U?$_Deque_base_types@V?$basic_string@DU?$char_traits@D@std@@V?$allocator@D@2@@std@@V?$allocator@V?$basic_string@DU?$char_traits@D@std@@V?$allocator@D@2@@std@@@2@@std@@@std@@QAEXI@Z 00402c20 f i DataType.obj
 0001:00001c20       ?__autoclassinit@CRgn@@QAEXI@Z 00402c20 f i EndoScopeMFCDlg.obj
 0001:00001c40       ?__autoclassinit@?$_Deque_val@U?$_Deque_simple_types@PAE@std@@@std@@QAEXI@Z 00402c40 f i DataType.obj
 0001:00001c40       ?__autoclassinit@CSyncObject@@QAEXI@Z 00402c40 f i EndoScopeMFCDlg.obj
 0001:00001c40       ?__autoclassinit@?$_Deque_val@U?$_Deque_simple_types@V?$basic_string@DU?$char_traits@D@std@@V?$allocator@D@2@@std@@@std@@@std@@QAEXI@Z 00402c40 f i DataType.obj
 0001:00001c40       ?__autoclassinit@CGdiObject@@QAEXI@Z 00402c40 f i EndoScopeMFC.obj
 0001:00001c60       ?__autoclassinit@?$map@INU?$less@I@std@@V?$allocator@U?$pair@$$CBIN@std@@@2@@std@@QAEXI@Z 00402c60 f i DataType.obj
 0001:00001c80       ??1?$map@INU?$less@I@std@@V?$allocator@U?$pair@$$CBIN@std@@@2@@std@@QAE@XZ 00402c80 f i DataType.obj
 0001:00001ca0       ?__autoclassinit@?$_Tree@V?$_Tmap_traits@INU?$less@I@std@@V?$allocator@U?$pair@$$CBIN@std@@@2@$0A@@std@@@std@@QAEXI@Z 00402ca0 f i DataType.obj
 0001:00001cc0       ?__autoclassinit@?$_Tree_comp@$0A@V?$_Tmap_traits@INU?$less@I@std@@V?$allocator@U?$pair@$$CBIN@std@@@2@$0A@@std@@@std@@QAEXI@Z 00402cc0 f i DataType.obj
 0001:00001cc0       ?__autoclassinit@?$list@PAEV?$allocator@PAE@std@@@std@@QAEXI@Z 00402cc0 f i EndoScopeMFC.obj
 0001:00001ce0       ?__autoclassinit@?$CComQIPtr@UIBaseFilter@@$1?IID_IBaseFilter@@3U_GUID@@B@ATL@@QAEXI@Z 00402ce0 f i EDSCapture.obj
 0001:00001ce0       ?__autoclassinit@?$_Tree_buy@U?$pair@$$CBIN@std@@V?$allocator@U?$pair@$$CBIN@std@@@2@@std@@QAEXI@Z 00402ce0 f i DataType.obj
 0001:00001ce0       ?__autoclassinit@?$_List_buy@PAEV?$allocator@PAE@std@@@std@@QAEXI@Z 00402ce0 f i EndoScopeMFC.obj
 0001:00001d00       ?__autoclassinit@?$_Tree_const_iterator@V?$_Tree_val@U?$_Tree_simple_types@U?$pair@$$CBIN@std@@@std@@@std@@@std@@QAEXI@Z 00402d00 f i DataType.obj
 0001:00001d00       ?__autoclassinit@?$_List_alloc@$0A@U?$_List_base_types@PAEV?$allocator@PAE@std@@@std@@@std@@QAEXI@Z 00402d00 f i EndoScopeMFC.obj
 0001:00001d00       ?__autoclassinit@?$CComPtr@UISampleGrabber@@@ATL@@QAEXI@Z 00402d00 f i EndoScopeMFC.obj
 0001:00001d00       ?__autoclassinit@?$_Tree_alloc@$0A@U?$_Tree_base_types@U?$pair@$$CBIN@std@@V?$allocator@U?$pair@$$CBIN@std@@@2@@std@@@std@@QAEXI@Z 00402d00 f i DataType.obj
 0001:00001d00       ?__autoclassinit@?$CComPtr@UICreateDevEnum@@@ATL@@QAEXI@Z 00402d00 f i EDSCapture.obj
 0001:00001d00       ?__autoclassinit@?$CComPtr@UIMoniker@@@ATL@@QAEXI@Z 00402d00 f i EDSCapture.obj
 0001:00001d00       ?__autoclassinit@?$CComPtr@UIEnumMoniker@@@ATL@@QAEXI@Z 00402d00 f i EDSCapture.obj
 0001:00001d00       ?__autoclassinit@?$_List_const_iterator@V?$_List_val@U?$_List_simple_types@PAE@std@@@std@@@std@@QAEXI@Z 00402d00 f i EndoScopeMFCDlg.obj
 0001:00001d00       ?__autoclassinit@?$CComPtr@UIBaseFilter@@@ATL@@QAEXI@Z 00402d00 f i EDSCapture.obj
 0001:00001d20       ?__autoclassinit@?$_Tree_unchecked_const_iterator@V?$_Tree_val@U?$_Tree_simple_types@U?$pair@$$CBIN@std@@@std@@@std@@U_Iterator_base0@2@@std@@QAEXI@Z 00402d20 f i DataType.obj
 0001:00001d20       ?__autoclassinit@?$_Tree_val@U?$_Tree_simple_types@U?$pair@$$CBIN@std@@@std@@@std@@QAEXI@Z 00402d20 f i DataType.obj
 0001:00001d20       ?__autoclassinit@?$CComPtrBase@UIBaseFilter@@@ATL@@QAEXI@Z 00402d20 f i EDSCapture.obj
 0001:00001d20       ?__autoclassinit@?$CComPtrBase@UICreateDevEnum@@@ATL@@QAEXI@Z 00402d20 f i EDSCapture.obj
 0001:00001d20       ?__autoclassinit@?$CComPtrBase@UIMoniker@@@ATL@@QAEXI@Z 00402d20 f i EDSCapture.obj
 0001:00001d20       ?__autoclassinit@?$_List_val@U?$_List_simple_types@PAE@std@@@std@@QAEXI@Z 00402d20 f i EndoScopeMFC.obj
 0001:00001d20       ?__autoclassinit@?$_List_unchecked_const_iterator@V?$_List_val@U?$_List_simple_types@PAE@std@@@std@@U_Iterator_base0@2@@std@@QAEXI@Z 00402d20 f i EndoScopeMFCDlg.obj
 0001:00001d20       ?__autoclassinit@?$CComPtrBase@UISampleGrabber@@@ATL@@QAEXI@Z 00402d20 f i EndoScopeMFC.obj
 0001:00001d20       ?__autoclassinit@?$CComPtrBase@UIEnumMoniker@@@ATL@@QAEXI@Z 00402d20 f i EDSCapture.obj
 0001:00001d40       ??1?$queue@V?$basic_string@DU?$char_traits@D@std@@V?$allocator@D@2@@std@@V?$deque@V?$basic_string@DU?$char_traits@D@std@@V?$allocator@D@2@@std@@V?$allocator@V?$basic_string@DU?$char_traits@D@std@@V?$allocator@D@2@@std@@@2@@2@@std@@QAE@XZ 00402d40 f i DataType.obj
 0001:00001d80       ?ReadConfig@@YA_NXZ        00402d80 f   DataType.obj
 0001:000023b0       ?ReturnPath@@YA?AV?$CStringT@DV?$StrTraitMFC_DLL@DV?$ChTraitsCRT@D@ATL@@@@@ATL@@XZ 004033b0 f   DataType.obj
 0001:000024a0       ??9ATL@@YA_NABV?$CStringT@DV?$StrTraitMFC_DLL@DV?$ChTraitsCRT@D@ATL@@@@@0@PBD@Z 004034a0 f i DataType.obj
 0001:000024d0       ??0?$queue@PAEV?$deque@PAEV?$allocator@PAE@std@@@std@@@std@@QAE@XZ 004034d0 f i DataType.obj
 0001:000024d0       ??0?$queue@V?$basic_string@DU?$char_traits@D@std@@V?$allocator@D@2@@std@@V?$deque@V?$basic_string@DU?$char_traits@D@std@@V?$allocator@D@2@@std@@V?$allocator@V?$basic_string@DU?$char_traits@D@std@@V?$allocator@D@2@@std@@@2@@2@@std@@QAE@XZ 004034d0 f i DataType.obj
 0001:000024f0       ??1?$deque@PAEV?$allocator@PAE@std@@@std@@QAE@XZ 004034f0 f i DataType.obj
 0001:00002510       ??0?$map@INU?$less@I@std@@V?$allocator@U?$pair@$$CBIN@std@@@2@@std@@QAE@XZ 00403510 f i DataType.obj
 0001:00002540       ??1?$_Tree@V?$_Tmap_traits@INU?$less@I@std@@V?$allocator@U?$pair@$$CBIN@std@@@2@$0A@@std@@@std@@QAE@XZ 00403540 f i DataType.obj
 0001:00002560       ??1?$deque@V?$basic_string@DU?$char_traits@D@std@@V?$allocator@D@2@@std@@V?$allocator@V?$basic_string@DU?$char_traits@D@std@@V?$allocator@D@2@@std@@@2@@std@@QAE@XZ 00403560 f i DataType.obj
 0001:00002580       ??0?$CA2AEX@$0IA@@ATL@@QAE@PBD@Z 00403580 f i DataType.obj
 0001:000025b0       ??1?$CA2AEX@$0IA@@ATL@@QAE@XZ 004035b0 f i DataType.obj
 0001:000025e0       ??1?$_Tree_comp@$0A@V?$_Tmap_traits@INU?$less@I@std@@V?$allocator@U?$pair@$$CBIN@std@@@2@$0A@@std@@@std@@QAE@XZ 004035e0 f i DataType.obj
 0001:00002600       ??1?$_Tree_buy@U?$pair@$$CBIN@std@@V?$allocator@U?$pair@$$CBIN@std@@@2@@std@@QAE@XZ 00403600 f i DataType.obj
 0001:00002620       ??0?$deque@V?$basic_string@DU?$char_traits@D@std@@V?$allocator@D@2@@std@@V?$allocator@V?$basic_string@DU?$char_traits@D@std@@V?$allocator@D@2@@std@@@2@@std@@QAE@XZ 00403620 f i DataType.obj
 0001:00002620       ??0?$deque@PAEV?$allocator@PAE@std@@@std@@QAE@XZ 00403620 f i DataType.obj
 0001:00002650       ?_Tidy@?$deque@PAEV?$allocator@PAE@std@@@std@@IAEXXZ 00403650 f i DataType.obj
 0001:00002740       ??1?$_Deque_alloc@$0A@U?$_Deque_base_types@V?$basic_string@DU?$char_traits@D@std@@V?$allocator@D@2@@std@@V?$allocator@V?$basic_string@DU?$char_traits@D@std@@V?$allocator@D@2@@std@@@2@@std@@@std@@QAE@XZ 00403740 f i DataType.obj
 0001:00002740       ??1?$_Deque_alloc@$0A@U?$_Deque_base_types@PAEV?$allocator@PAE@std@@@std@@@std@@QAE@XZ 00403740 f i DataType.obj
 0001:00002760       ??0?$_Tree@V?$_Tmap_traits@INU?$less@I@std@@V?$allocator@U?$pair@$$CBIN@std@@@2@$0A@@std@@@std@@QAE@ABU?$less@I@1@ABV?$allocator@U?$pair@$$CBIN@std@@@1@@Z 00403760 f i DataType.obj
 0001:00002780       ?_Tidy@?$_Tree@V?$_Tmap_traits@INU?$less@I@std@@V?$allocator@U?$pair@$$CBIN@std@@@2@$0A@@std@@@std@@IAEXXZ 00403780 f i DataType.obj
 0001:000027d0       ??1?$_Tree_alloc@$0A@U?$_Tree_base_types@U?$pair@$$CBIN@std@@V?$allocator@U?$pair@$$CBIN@std@@@2@@std@@@std@@QAE@XZ 004037d0 f i DataType.obj
 0001:000027f0       ?_Tidy@?$deque@V?$basic_string@DU?$char_traits@D@std@@V?$allocator@D@2@@std@@V?$allocator@V?$basic_string@DU?$char_traits@D@std@@V?$allocator@D@2@@std@@@2@@std@@IAEXXZ 004037f0 f i DataType.obj
 0001:000028e0       ?Init@?$CA2AEX@$0IA@@ATL@@AAEXPBD@Z 004038e0 f i DataType.obj
 0001:00002970       ??1?$_Deque_val@U?$_Deque_simple_types@V?$basic_string@DU?$char_traits@D@std@@V?$allocator@D@2@@std@@@std@@@std@@QAE@XZ 00403970 f i DataType.obj
 0001:00002970       ??1?$_Deque_val@U?$_Deque_simple_types@PAE@std@@@std@@QAE@XZ 00403970 f i DataType.obj
 0001:00002990       ?empty@?$deque@PAEV?$allocator@PAE@std@@@std@@QBE_NXZ 00403990 f i DataType.obj
 0001:00002990       ?empty@?$basic_string@DU?$char_traits@D@std@@V?$allocator@D@2@@std@@QBE_NXZ 00403990 f i EndoScopeMFCDlg.obj
 0001:00002990       ?empty@?$deque@V?$basic_string@DU?$char_traits@D@std@@V?$allocator@D@2@@std@@V?$allocator@V?$basic_string@DU?$char_traits@D@std@@V?$allocator@D@2@@std@@@2@@std@@QBE_NXZ 00403990 f i DataType.obj
 0001:000029c0       ?pop_back@?$deque@PAEV?$allocator@PAE@std@@@std@@QAEXXZ 004039c0 f i DataType.obj
 0001:00002a60       ??0?$_Deque_alloc@$0A@U?$_Deque_base_types@V?$basic_string@DU?$char_traits@D@std@@V?$allocator@D@2@@std@@V?$allocator@V?$basic_string@DU?$char_traits@D@std@@V?$allocator@D@2@@std@@@2@@std@@@std@@QAE@ABV?$allocator@V?$basic_string@DU?$char_traits@D@std@@V?$allocator@D@2@@std@@@1@@Z 00403a60 f i DataType.obj
 0001:00002a60       ??0?$_Deque_alloc@$0A@U?$_Deque_base_types@PAEV?$allocator@PAE@std@@@std@@@std@@QAE@ABV?$allocator@PAE@1@@Z 00403a60 f i DataType.obj
 0001:00002ac0       ?_Free_proxy@?$_Deque_alloc@$0A@U?$_Deque_base_types@V?$basic_string@DU?$char_traits@D@std@@V?$allocator@D@2@@std@@V?$allocator@V?$basic_string@DU?$char_traits@D@std@@V?$allocator@D@2@@std@@@2@@std@@@std@@QAEXXZ 00403ac0 f i DataType.obj
 0001:00002ac0       ?_Free_proxy@?$_Deque_alloc@$0A@U?$_Deque_base_types@PAEV?$allocator@PAE@std@@@std@@@std@@QAEXXZ 00403ac0 f i DataType.obj
 0001:00002b20       ?begin@?$_Tree@V?$_Tmap_traits@INU?$less@I@std@@V?$allocator@U?$pair@$$CBIN@std@@@2@$0A@@std@@@std@@QAE?AV?$_Tree_iterator@V?$_Tree_val@U?$_Tree_simple_types@U?$pair@$$CBIN@std@@@std@@@std@@@2@XZ 00403b20 f i DataType.obj
 0001:00002b50       ?end@?$_Tree@V?$_Tmap_traits@INU?$less@I@std@@V?$allocator@U?$pair@$$CBIN@std@@@2@$0A@@std@@@std@@QAE?AV?$_Tree_iterator@V?$_Tree_val@U?$_Tree_simple_types@U?$pair@$$CBIN@std@@@std@@@std@@@2@XZ 00403b50 f i DataType.obj
 0001:00002b80       ?erase@?$_Tree@V?$_Tmap_traits@INU?$less@I@std@@V?$allocator@U?$pair@$$CBIN@std@@@2@$0A@@std@@@std@@QAE?AV?$_Tree_iterator@V?$_Tree_val@U?$_Tree_simple_types@U?$pair@$$CBIN@std@@@std@@@std@@@2@V?$_Tree_const_iterator@V?$_Tree_val@U?$_Tree_simple_types@U?$pair@$$CBIN@std@@@std@@@std@@@2@0@Z 00403b80 f i DataType.obj
 0001:00002c30       ??0?$_Tree_comp@$0A@V?$_Tmap_traits@INU?$less@I@std@@V?$allocator@U?$pair@$$CBIN@std@@@2@$0A@@std@@@std@@QAE@ABU?$less@I@1@ABV?$allocator@U?$pair@$$CBIN@std@@@1@@Z 00403c30 f i DataType.obj
 0001:00002c50       ?_Freeheadnode@?$_Tree_alloc@$0A@U?$_Tree_base_types@U?$pair@$$CBIN@std@@V?$allocator@U?$pair@$$CBIN@std@@@2@@std@@@std@@QAEXPAU?$_Tree_node@U?$pair@$$CBIN@std@@PAX@2@@Z 00403c50 f i DataType.obj
 0001:00002c50       ?_Freenode@?$_List_buy@PAEV?$allocator@PAE@std@@@std@@QAEXPAU?$_List_node@PAEPAX@2@@Z 00403c50 f i EndoScopeMFCDlg.obj
 0001:00002d00       ?pop_back@?$deque@V?$basic_string@DU?$char_traits@D@std@@V?$allocator@D@2@@std@@V?$allocator@V?$basic_string@DU?$char_traits@D@std@@V?$allocator@D@2@@std@@@2@@std@@QAEXXZ 00403d00 f i DataType.obj
 0001:00002da0       ?_Getblock@?$_Deque_val@U?$_Deque_simple_types@V?$basic_string@DU?$char_traits@D@std@@V?$allocator@D@2@@std@@@std@@@std@@QBEII@Z 00403da0 f i DataType.obj
 0001:00002dc0       ?_Alloc_proxy@?$_Deque_alloc@$0A@U?$_Deque_base_types@PAEV?$allocator@PAE@std@@@std@@@std@@QAEXXZ 00403dc0 f i DataType.obj
 0001:00002dc0       ?_Alloc_proxy@?$_Deque_alloc@$0A@U?$_Deque_base_types@V?$basic_string@DU?$char_traits@D@std@@V?$allocator@D@2@@std@@V?$allocator@V?$basic_string@DU?$char_traits@D@std@@V?$allocator@D@2@@std@@@2@@std@@@std@@QAEXXZ 00403dc0 f i DataType.obj
 0001:00002e20       ??0?$_Deque_val@U?$_Deque_simple_types@PAE@std@@@std@@QAE@XZ 00403e20 f i DataType.obj
 0001:00002e20       ??0?$_Deque_val@U?$_Deque_simple_types@V?$basic_string@DU?$char_traits@D@std@@V?$allocator@D@2@@std@@@std@@@std@@QAE@XZ 00403e20 f i DataType.obj
 0001:00002e60       ?_Getblock@?$_Deque_val@U?$_Deque_simple_types@PAE@std@@@std@@QBEII@Z 00403e60 f i DataType.obj
 0001:00002e80       ?erase@?$_Tree@V?$_Tmap_traits@INU?$less@I@std@@V?$allocator@U?$pair@$$CBIN@std@@@2@$0A@@std@@@std@@QAE?AV?$_Tree_iterator@V?$_Tree_val@U?$_Tree_simple_types@U?$pair@$$CBIN@std@@@std@@@std@@@2@V?$_Tree_const_iterator@V?$_Tree_val@U?$_Tree_simple_types@U?$pair@$$CBIN@std@@@std@@@std@@@2@@Z 00403e80 f i DataType.obj
 0001:00003620       ?clear@?$_Tree@V?$_Tmap_traits@INU?$less@I@std@@V?$allocator@U?$pair@$$CBIN@std@@@2@$0A@@std@@@std@@QAEXXZ 00404620 f i DataType.obj
 0001:00003680       ?_Lmost@?$_Tree@V?$_Tmap_traits@INU?$less@I@std@@V?$allocator@U?$pair@$$CBIN@std@@@2@$0A@@std@@@std@@IBEAAPAU?$_Tree_node@U?$pair@$$CBIN@std@@PAX@2@XZ 00404680 f i DataType.obj
 0001:000036a0       ??0?$_Tree_buy@U?$pair@$$CBIN@std@@V?$allocator@U?$pair@$$CBIN@std@@@2@@std@@QAE@ABV?$allocator@U?$pair@$$CBIN@std@@@1@@Z 004046a0 f i DataType.obj
 0001:000036c0       ?_Parent@?$_Tree_val@U?$_Tree_simple_types@U?$pair@$$CBIN@std@@@std@@@std@@SAAAPAU?$_Tree_node@U?$pair@$$CBIN@std@@PAX@2@PAU32@@Z 004046c0 f i DataType.obj
 0001:000036c0       ?_Prevnode@?$_List_val@U?$_List_simple_types@PAE@std@@@std@@SAAAPAU?$_List_node@PAEPAX@2@PAU32@@Z 004046c0 f i EndoScopeMFCDlg.obj
 0001:000036d0       ?_Myval@?$_List_val@U?$_List_simple_types@PAE@std@@@std@@SAAAPAEPAU?$_List_node@PAEPAX@2@@Z 004046d0 f i EndoScopeMFCDlg.obj
 0001:000036d0       ?_Right@?$_Tree_val@U?$_Tree_simple_types@U?$pair@$$CBIN@std@@@std@@@std@@SAAAPAU?$_Tree_node@U?$pair@$$CBIN@std@@PAX@2@PAU32@@Z 004046d0 f i DataType.obj
 0001:000036e0       ??0?$_Tree_iterator@V?$_Tree_val@U?$_Tree_simple_types@U?$pair@$$CBIN@std@@@std@@@std@@@std@@QAE@PAU?$_Tree_node@U?$pair@$$CBIN@std@@PAX@1@PBV?$_Tree_val@U?$_Tree_simple_types@U?$pair@$$CBIN@std@@@std@@@1@@Z 004046e0 f i DataType.obj
 0001:000036e0       ??0?$_List_iterator@V?$_List_val@U?$_List_simple_types@PAE@std@@@std@@@std@@QAE@PAU?$_List_node@PAEPAX@1@PBV?$_List_val@U?$_List_simple_types@PAE@std@@@1@@Z 004046e0 f i EndoScopeMFCDlg.obj
 0001:00003700       ??E?$_Tree_const_iterator@V?$_Tree_val@U?$_Tree_simple_types@U?$pair@$$CBIN@std@@@std@@@std@@@std@@QAE?AV01@H@Z 00404700 f i DataType.obj
 0001:00003750       ??8?$_Tree_const_iterator@V?$_Tree_val@U?$_Tree_simple_types@U?$pair@$$CBIN@std@@@std@@@std@@@std@@QBE_NABV01@@Z 00404750 f i DataType.obj
 0001:00003780       ??9?$_Tree_const_iterator@V?$_Tree_val@U?$_Tree_simple_types@U?$pair@$$CBIN@std@@@std@@@std@@@std@@QBE_NABV01@@Z 00404780 f i DataType.obj
 0001:000037c0       ?_Erase@?$_Tree@V?$_Tmap_traits@INU?$less@I@std@@V?$allocator@U?$pair@$$CBIN@std@@@2@$0A@@std@@@std@@IAEXPAU?$_Tree_node@U?$pair@$$CBIN@std@@PAX@2@@Z 004047c0 f i DataType.obj
 0001:00003860       ?_Lrotate@?$_Tree@V?$_Tmap_traits@INU?$less@I@std@@V?$allocator@U?$pair@$$CBIN@std@@@2@$0A@@std@@@std@@IAEXPAU?$_Tree_node@U?$pair@$$CBIN@std@@PAX@2@@Z 00404860 f i DataType.obj
 0001:00003990       ?_Rmost@?$_Tree@V?$_Tmap_traits@INU?$less@I@std@@V?$allocator@U?$pair@$$CBIN@std@@@2@$0A@@std@@@std@@IBEAAPAU?$_Tree_node@U?$pair@$$CBIN@std@@PAX@2@XZ 00404990 f i DataType.obj
 0001:00003990       ??D?$_List_const_iterator@V?$_List_val@U?$_List_simple_types@PAE@std@@@std@@@std@@QBEABQAEXZ 00404990 f i EndoScopeMFCDlg.obj
 0001:000039b0       ?_Root@?$_Tree@V?$_Tmap_traits@INU?$less@I@std@@V?$allocator@U?$pair@$$CBIN@std@@@2@$0A@@std@@@std@@IBEAAPAU?$_Tree_node@U?$pair@$$CBIN@std@@PAX@2@XZ 004049b0 f i DataType.obj
 0001:000039d0       ?_Rrotate@?$_Tree@V?$_Tmap_traits@INU?$less@I@std@@V?$allocator@U?$pair@$$CBIN@std@@@2@$0A@@std@@@std@@IAEXPAU?$_Tree_node@U?$pair@$$CBIN@std@@PAX@2@@Z 004049d0 f i DataType.obj
 0001:00003b00       ??0?$_Tree_alloc@$0A@U?$_Tree_base_types@U?$pair@$$CBIN@std@@V?$allocator@U?$pair@$$CBIN@std@@@2@@std@@@std@@QAE@ABV?$allocator@U?$pair@$$CBIN@std@@@1@@Z 00404b00 f i DataType.obj
 0001:00003b30       ?_Color@?$_Tree_val@U?$_Tree_simple_types@U?$pair@$$CBIN@std@@@std@@@std@@SAAADPAU?$_Tree_node@U?$pair@$$CBIN@std@@PAX@2@@Z 00404b30 f i DataType.obj
 0001:00003b40       ?_Isnil@?$_Tree_val@U?$_Tree_simple_types@U?$pair@$$CBIN@std@@@std@@@std@@SAAADPAU?$_Tree_node@U?$pair@$$CBIN@std@@PAX@2@@Z 00404b40 f i DataType.obj
 0001:00003b50       ?_Myval@?$_Tree_val@U?$_Tree_simple_types@U?$pair@$$CBIN@std@@@std@@@std@@SAAAU?$pair@$$CBIN@2@PAU?$_Tree_node@U?$pair@$$CBIN@std@@PAX@2@@Z 00404b50 f i DataType.obj
 0001:00003b60       ?_Max@?$_Tree_val@U?$_Tree_simple_types@U?$pair@$$CBIN@std@@@std@@@std@@SAPAU?$_Tree_node@U?$pair@$$CBIN@std@@PAX@2@PAU32@@Z 00404b60 f i DataType.obj
 0001:00003ba0       ?_Min@?$_Tree_val@U?$_Tree_simple_types@U?$pair@$$CBIN@std@@@std@@@std@@SAPAU?$_Tree_node@U?$pair@$$CBIN@std@@PAX@2@PAU32@@Z 00404ba0 f i DataType.obj
 0001:00003be0       ??0?$_Tree_const_iterator@V?$_Tree_val@U?$_Tree_simple_types@U?$pair@$$CBIN@std@@@std@@@std@@@std@@QAE@PAU?$_Tree_node@U?$pair@$$CBIN@std@@PAX@1@PBV?$_Tree_val@U?$_Tree_simple_types@U?$pair@$$CBIN@std@@@std@@@1@@Z 00404be0 f i DataType.obj
 0001:00003be0       ??0?$_List_unchecked_iterator@V?$_List_val@U?$_List_simple_types@PAE@std@@@std@@@std@@QAE@PAU?$_List_node@PAEPAX@1@PBV?$_List_val@U?$_List_simple_types@PAE@std@@@1@@Z 00404be0 f i EndoScopeMFCDlg.obj
 0001:00003be0       ??0?$_List_const_iterator@V?$_List_val@U?$_List_simple_types@PAE@std@@@std@@@std@@QAE@PAU?$_List_node@PAEPAX@1@PBV?$_List_val@U?$_List_simple_types@PAE@std@@@1@@Z 00404be0 f i EndoScopeMFCDlg.obj
 0001:00003c00       ??E?$_Tree_const_iterator@V?$_Tree_val@U?$_Tree_simple_types@U?$pair@$$CBIN@std@@@std@@@std@@@std@@QAEAAV01@XZ 00404c00 f i DataType.obj
 0001:00003c20       ?allocate@?$_Wrap_alloc@V?$allocator@U_Container_proxy@std@@@std@@@std@@QAEPAU_Container_proxy@2@I@Z 00404c20 f i DataType.obj
 0001:00003c40       ?_Buyheadnode@?$_Tree_alloc@$0A@U?$_Tree_base_types@U?$pair@$$CBIN@std@@V?$allocator@U?$pair@$$CBIN@std@@@2@@std@@@std@@QAEPAU?$_Tree_node@U?$pair@$$CBIN@std@@PAX@2@XZ 00404c40 f i DataType.obj
 0001:00003db0       ??0?$Size_@H@cv@@QAE@XZ    00404db0 f i EndoScopeMFCDlg.obj
 0001:00003db0       ??0?$_List_val@U?$_List_simple_types@PAE@std@@@std@@QAE@XZ 00404db0 f i EndoScopeMFCDlg.obj
 0001:00003db0       ??0CPoint@@QAE@XZ          00404db0 f i EndoScopeMFCDlg.obj
 0001:00003db0       ??0?$_Tree_val@U?$_Tree_simple_types@U?$pair@$$CBIN@std@@@std@@@std@@QAE@XZ 00404db0 f i DataType.obj
 0001:00003db0       ??0_Container_proxy@std@@QAE@XZ 00404db0 f i DataType.obj
 0001:00003de0       ??0?$_Tree_unchecked_const_iterator@V?$_Tree_val@U?$_Tree_simple_types@U?$pair@$$CBIN@std@@@std@@@std@@U_Iterator_base0@2@@std@@QAE@PAU?$_Tree_node@U?$pair@$$CBIN@std@@PAX@1@PBV?$_Tree_val@U?$_Tree_simple_types@U?$pair@$$CBIN@std@@@std@@@1@@Z 00404de0 f i DataType.obj
 0001:00003de0       ??0?$_List_unchecked_const_iterator@V?$_List_val@U?$_List_simple_types@PAE@std@@@std@@U_Iterator_base0@2@@std@@QAE@PAU?$_List_node@PAEPAX@1@PBV?$_List_val@U?$_List_simple_types@PAE@std@@@1@@Z 00404de0 f i EndoScopeMFCDlg.obj
 0001:00003e10       ??E?$_Tree_unchecked_const_iterator@V?$_Tree_val@U?$_Tree_simple_types@U?$pair@$$CBIN@std@@@std@@@std@@U_Iterator_base0@2@@std@@QAEAAV01@XZ 00404e10 f i DataType.obj
 0001:00003ed0       ?allocate@?$allocator@U_Container_proxy@std@@@std@@QAEPAU_Container_proxy@2@I@Z 00404ed0 f i DataType.obj
 0001:00003ef0       ?allocate@?$_Wrap_alloc@V?$allocator@U?$_Tree_node@U?$pair@$$CBIN@std@@PAX@std@@@std@@@std@@QAEPAU?$_Tree_node@U?$pair@$$CBIN@std@@PAX@2@I@Z 00404ef0 f i DataType.obj
 0001:00003f10       ?allocate@?$allocator@U?$_Tree_node@U?$pair@$$CBIN@std@@PAX@std@@@std@@QAEPAU?$_Tree_node@U?$pair@$$CBIN@std@@PAX@2@I@Z 00404f10 f i DataType.obj
 0001:00003f30       ??$?0U?$_Wrap_alloc@V?$allocator@PAE@std@@@std@@@?$_Wrap_alloc@V?$allocator@PAPAE@std@@@std@@QAE@ABU?$_Wrap_alloc@V?$allocator@PAE@std@@@1@@Z 00404f30 f i DataType.obj
 0001:00003f30       ??$?0U?$_Wrap_alloc@V?$allocator@V?$basic_string@DU?$char_traits@D@std@@V?$allocator@D@2@@std@@@std@@@std@@@?$_Wrap_alloc@V?$allocator@PAV?$basic_string@DU?$char_traits@D@std@@V?$allocator@D@2@@std@@@std@@@std@@QAE@ABU?$_Wrap_alloc@V?$allocator@V?$basic_string@DU?$char_traits@D@std@@V?$allocator@D@2@@std@@@std@@@1@@Z 00404f30 f i DataType.obj
 0001:00003f50       ??$destroy@V?$basic_string@DU?$char_traits@D@std@@V?$allocator@D@2@@std@@@?$_Wrap_alloc@V?$allocator@V?$basic_string@DU?$char_traits@D@std@@V?$allocator@D@2@@std@@@std@@@std@@QAEXPAV?$basic_string@DU?$char_traits@D@std@@V?$allocator@D@2@@1@@Z 00404f50 f i DataType.obj
 0001:00003f70       ??$construct@U_Container_proxy@std@@U12@@?$_Wrap_alloc@V?$allocator@U_Container_proxy@std@@@std@@@std@@QAEXPAU_Container_proxy@1@$$QAU21@@Z 00404f70 f i DataType.obj
 0001:00003fa0       ??$swap@D@std@@YAXAAD0@Z   00404fa0 f i DataType.obj
 0001:00004000       ??$_Allocate@U_Container_proxy@std@@@std@@YAPAU_Container_proxy@0@IPAU10@@Z 00405000 f i DataType.obj
 0001:00004050       ??$_Allocate@U?$_Tree_node@U?$pair@$$CBIN@std@@PAX@std@@@std@@YAPAU?$_Tree_node@U?$pair@$$CBIN@std@@PAX@0@IPAU10@@Z 00405050 f i DataType.obj
 0001:000040a0       ??$?0V?$basic_string@DU?$char_traits@D@std@@V?$allocator@D@2@@std@@@?$allocator@PAV?$basic_string@DU?$char_traits@D@std@@V?$allocator@D@2@@std@@@std@@QAE@ABV?$allocator@V?$basic_string@DU?$char_traits@D@std@@V?$allocator@D@2@@std@@@1@@Z 004050a0 f i DataType.obj
 0001:000040a0       ??$?0PAE@?$allocator@PAPAE@std@@QAE@ABV?$allocator@PAE@1@@Z 004050a0 f i DataType.obj
 0001:000040b0       ??$destroy@V?$basic_string@DU?$char_traits@D@std@@V?$allocator@D@2@@std@@@?$allocator_traits@V?$allocator@V?$basic_string@DU?$char_traits@D@std@@V?$allocator@D@2@@std@@@std@@@std@@SAXAAV?$allocator@V?$basic_string@DU?$char_traits@D@std@@V?$allocator@D@2@@std@@@1@PAV?$basic_string@DU?$char_traits@D@std@@V?$allocator@D@2@@1@@Z 004050b0 f i DataType.obj
 0001:000040d0       ??$construct@U_Container_proxy@std@@U12@@?$allocator_traits@V?$allocator@U_Container_proxy@std@@@std@@@std@@SAXAAV?$allocator@U_Container_proxy@std@@@1@PAU_Container_proxy@1@$$QAU31@@Z 004050d0 f i DataType.obj
 0001:000040f0       ??$destroy@V?$basic_string@DU?$char_traits@D@std@@V?$allocator@D@2@@std@@@?$allocator@V?$basic_string@DU?$char_traits@D@std@@V?$allocator@D@2@@std@@@std@@QAEXPAV?$basic_string@DU?$char_traits@D@std@@V?$allocator@D@2@@1@@Z 004050f0 f i DataType.obj
 0001:00004110       ??$construct@U_Container_proxy@std@@U12@@?$allocator@U_Container_proxy@std@@@std@@QAEXPAU_Container_proxy@1@$$QAU21@@Z 00405110 f i DataType.obj
 0001:000041a0       ??_G?$basic_string@DU?$char_traits@D@std@@V?$allocator@D@2@@std@@QAEPAXI@Z 004051a0 f i DataType.obj
 0001:000041d0       ?memcpy_s@Checked@ATL@@YAXPAXIPBXI@Z 004051d0 f i DataType.obj
 0001:00004200       ??$AtlConvAllocMemory@D@ATL@@YAXPAPADHPADH@Z 00405200 f i DataType.obj
 0001:00004340       ?AfxCrtErrorCheck@@YAHH@Z  00405340 f i DataType.obj
 0001:000043f0       ??$AtlConvFreeMemory@D@ATL@@YAXPAD0H@Z 004053f0 f i DataType.obj
 0001:00004410       ?AtlThrowImpl@ATL@@YGXJ@Z  00405410 f i DataType.obj
 0001:00004440       ?_GetBaseClass@CEDSCapture@@KGPAUCRuntimeClass@@XZ 00405440 f   EDSCapture.obj
 0001:00004450       ?GetRuntimeClass@CEDSCapture@@UBEPAUCRuntimeClass@@XZ 00405450 f   EDSCapture.obj
 0001:00004460       ??0CEDSCapture@@QAE@XZ     00405460 f   EDSCapture.obj
 0001:00004570       ??_ECEDSCapture@@UAEPAXI@Z 00405570 f i * CIL library *:* CIL module *
 0001:00004570       ??_GCEDSCapture@@UAEPAXI@Z 00405570 f i EDSCapture.obj
 0001:000045a0       ??1?$CComPtr@UISampleGrabber@@@ATL@@QAE@XZ 004055a0 f i EDSCapture.obj
 0001:000045a0       ??1?$CComPtr@UICreateDevEnum@@@ATL@@QAE@XZ 004055a0 f i EDSCapture.obj
 0001:000045a0       ??1?$CComPtr@UIBaseFilter@@@ATL@@QAE@XZ 004055a0 f i EDSCapture.obj
 0001:000045a0       ??1?$CComPtr@UIMoniker@@@ATL@@QAE@XZ 004055a0 f i EDSCapture.obj
 0001:000045a0       ??1?$CComPtr@UIEnumMoniker@@@ATL@@QAE@XZ 004055a0 f i EDSCapture.obj
 0001:000045c0       ??1CEDSCapture@@UAE@XZ     004055c0 f   EDSCapture.obj
 0001:00004640       ?GetMessageMap@CEDSCapture@@MBEPBUAFX_MSGMAP@@XZ 00405640 f   EDSCapture.obj
 0001:00004650       ?GetThisMessageMap@CEDSCapture@@KGPBUAFX_MSGMAP@@XZ 00405650 f   EDSCapture.obj
 0001:00004660       ?Init@CEDSCapture@@QAEJHPAUHWND__@@@Z 00405660 f   EDSCapture.obj
 0001:00004b50       ??1?$CComQIPtr@UIBaseFilter@@$1?IID_IBaseFilter@@3U_GUID@@B@ATL@@QAE@XZ 00405b50 f i EDSCapture.obj
 0001:00004b70       ?Pause@CEDSCapture@@QAEXXZ 00405b70 f   EDSCapture.obj
 0001:00004c30       ?Run@CEDSCapture@@QAEXXZ   00405c30 f   EDSCapture.obj
 0001:00004cf0       ?Stop@CEDSCapture@@QAEXXZ  00405cf0 f   EDSCapture.obj
 0001:00004db0       ?Msg@CEDSCapture@@IAAXPADZZ 00405db0 f   EDSCapture.obj
 0001:00004e60       ?FindCaptureDevice@CEDSCapture@@IAEJPAPAUIBaseFilter@@@Z 00405e60 f   EDSCapture.obj
 0001:00005210       ?GetInterfaces@CEDSCapture@@IAEJXZ 00406210 f   EDSCapture.obj
 0001:00005350       ?FreeMediaType@CEDSCapture@@IAEXAAU_AMMediaType@@@Z 00406350 f   EDSCapture.obj
 0001:000053b0       ??0?$vector@HV?$allocator@H@std@@@std@@QAE@XZ 004063b0 f i EndoScopeMFCDlg.obj
 0001:000053b0       ??0?$vector@PAUIBaseFilter@@V?$allocator@PAUIBaseFilter@@@std@@@std@@QAE@XZ 004063b0 f i EDSCapture.obj
 0001:000053e0       ??1?$vector@PAUIBaseFilter@@V?$allocator@PAUIBaseFilter@@@std@@@std@@QAE@XZ 004063e0 f i EDSCapture.obj
 0001:000053e0       ??1?$vector@HV?$allocator@H@std@@@std@@QAE@XZ 004063e0 f i EndoScopeMFCDlg.obj
 0001:00005400       ??0?$CComPtr@UISampleGrabber@@@ATL@@QAE@XZ 00406400 f i EDSCapture.obj
 0001:00005400       ??0?$CComPtr@UIBaseFilter@@@ATL@@QAE@XZ 00406400 f i EDSCapture.obj
 0001:00005420       ??4?$CComPtr@UISampleGrabber@@@ATL@@QAEPAUISampleGrabber@@PAU2@@Z 00406420 f i EDSCapture.obj
 0001:00005470       ??1?$CComPtrBase@UISampleGrabber@@@ATL@@QAE@XZ 00406470 f i EDSCapture.obj
 0001:00005470       ??1?$CComPtrBase@UIEnumMoniker@@@ATL@@QAE@XZ 00406470 f i EDSCapture.obj
 0001:00005470       ??1?$CComPtrBase@UICreateDevEnum@@@ATL@@QAE@XZ 00406470 f i EDSCapture.obj
 0001:00005470       ??1?$CComPtrBase@UIBaseFilter@@@ATL@@QAE@XZ 00406470 f i EDSCapture.obj
 0001:00005470       ??1?$CComPtrBase@UIMoniker@@@ATL@@QAE@XZ 00406470 f i EDSCapture.obj
 0001:000054a0       ??7?$CComPtrBase@UISampleGrabber@@@ATL@@QBE_NXZ 004064a0 f i EDSCapture.obj
 0001:000054d0       ?CoCreateInstance@?$CComPtrBase@UISampleGrabber@@@ATL@@QAEJABU_GUID@@PAUIUnknown@@K@Z 004064d0 f i EDSCapture.obj
 0001:00005500       ??0?$CComQIPtr@UIBaseFilter@@$1?IID_IBaseFilter@@3U_GUID@@B@ATL@@QAE@PAUIUnknown@@@Z 00406500 f i EDSCapture.obj
 0001:00005550       ??0?$CComPtr@UICreateDevEnum@@@ATL@@QAE@PAUICreateDevEnum@@@Z 00406550 f i EDSCapture.obj
 0001:00005550       ??0?$CComPtr@UISampleGrabber@@@ATL@@QAE@PAUISampleGrabber@@@Z 00406550 f i EDSCapture.obj
 0001:00005550       ??0?$CComPtr@UIEnumMoniker@@@ATL@@QAE@PAUIEnumMoniker@@@Z 00406550 f i EDSCapture.obj
 0001:00005550       ??0?$CComPtr@UIMoniker@@@ATL@@QAE@PAUIMoniker@@@Z 00406550 f i EDSCapture.obj
 0001:00005570       ??8?$CComPtrBase@UISampleGrabber@@@ATL@@QBE_NPAUISampleGrabber@@@Z 00406570 f i EDSCapture.obj
 0001:00005570       ??8?$CComPtrBase@UIEnumMoniker@@@ATL@@QBE_NPAUIEnumMoniker@@@Z 00406570 f i EDSCapture.obj
 0001:000055a0       ?_Tidy@?$vector@PAUIBaseFilter@@V?$allocator@PAUIBaseFilter@@@std@@@std@@IAEXXZ 004065a0 f i EDSCapture.obj
 0001:000055a0       ?_Tidy@?$vector@HV?$allocator@H@std@@@std@@IAEXXZ 004065a0 f i EndoScopeMFCDlg.obj
 0001:00005620       ??0?$_Vector_alloc@$0A@U?$_Vec_base_types@PAUIBaseFilter@@V?$allocator@PAUIBaseFilter@@@std@@@std@@@std@@QAE@ABV?$allocator@PAUIBaseFilter@@@1@@Z 00406620 f i EDSCapture.obj
 0001:00005620       ??0?$_Vector_alloc@$0A@U?$_Vec_base_types@HV?$allocator@H@std@@@std@@@std@@QAE@ABV?$allocator@H@1@@Z 00406620 f i EndoScopeMFCDlg.obj
 0001:00005640       ??0?$CComPtrBase@UISampleGrabber@@@ATL@@IAE@XZ 00406640 f i EDSCapture.obj
 0001:00005640       ??0?$CComPtrBase@UIBaseFilter@@@ATL@@IAE@XZ 00406640 f i EDSCapture.obj
 0001:00005660       ?Swap@?$CComPtrBase@UISampleGrabber@@@ATL@@IAEXAAV12@@Z 00406660 f i EDSCapture.obj
 0001:00005690       ??9?$CComPtrBase@UISampleGrabber@@@ATL@@QBE_NPAUISampleGrabber@@@Z 00406690 f i EDSCapture.obj
 0001:000056d0       ??0?$CComPtrBase@UIMoniker@@@ATL@@IAE@PAUIMoniker@@@Z 004066d0 f i EDSCapture.obj
 0001:000056d0       ??0?$CComPtrBase@UISampleGrabber@@@ATL@@IAE@PAUISampleGrabber@@@Z 004066d0 f i EDSCapture.obj
 0001:000056d0       ??0?$CComPtrBase@UIEnumMoniker@@@ATL@@IAE@PAUIEnumMoniker@@@Z 004066d0 f i EDSCapture.obj
 0001:000056d0       ??0?$CComPtrBase@UICreateDevEnum@@@ATL@@IAE@PAUICreateDevEnum@@@Z 004066d0 f i EDSCapture.obj
 0001:00005710       ?_Destroy@?$vector@PAUIBaseFilter@@V?$allocator@PAUIBaseFilter@@@std@@@std@@IAEXPAPAUIBaseFilter@@0@Z 00406710 f i EDSCapture.obj
 0001:00005710       ?_Destroy@?$vector@HV?$allocator@H@std@@@std@@IAEXPAH0@Z 00406710 f i EndoScopeMFCDlg.obj
 0001:00005760       ??0?$_Vector_val@U?$_Simple_types@H@std@@@std@@QAE@XZ 00406760 f i EndoScopeMFCDlg.obj
 0001:00005760       ??0?$_Vector_val@U?$_Simple_types@PAUIBaseFilter@@@std@@@std@@QAE@XZ 00406760 f i EDSCapture.obj
 0001:00005790       ??$_vsnprintf_s@$0EAA@@@YAHAAY0EAA@DIPBDPAD@Z 00406790 f i EDSCapture.obj
 0001:000057c0       ??$_Destroy_range@U?$_Wrap_alloc@V?$allocator@PAUIBaseFilter@@@std@@@std@@@std@@YAXPAPAUIBaseFilter@@0AAU?$_Wrap_alloc@V?$allocator@PAUIBaseFilter@@@std@@@0@@Z 004067c0 f i EDSCapture.obj
 0001:000057c0       ??$_Destroy_range@U?$_Wrap_alloc@V?$allocator@H@std@@@std@@@std@@YAXPAH0AAU?$_Wrap_alloc@V?$allocator@H@std@@@0@@Z 004067c0 f i EndoScopeMFCDlg.obj
 0001:00005800       ??$_Ptr_cat@PAUIBaseFilter@@PAU1@@std@@YA?AU_Scalar_ptr_iterator_tag@0@PAPAUIBaseFilter@@0@Z 00406800 f i EDSCapture.obj
 0001:00005800       ??$_Ptr_cat@HH@std@@YA?AU_Scalar_ptr_iterator_tag@0@PAH0@Z 00406800 f i EndoScopeMFCDlg.obj
 0001:00005810       ?__autoclassinit@Mat@cv@@QAEXI@Z 00406810 f i EndoScopeMFC.obj
 0001:00005860       ?GetMessageMap@CEndoScopeMFCApp@@MBEPBUAFX_MSGMAP@@XZ 00406860 f   EndoScopeMFC.obj
 0001:00005870       ?GetThisMessageMap@CEndoScopeMFCApp@@KGPBUAFX_MSGMAP@@XZ 00406870 f   EndoScopeMFC.obj
 0001:00005880       ??0CEndoScopeMFCApp@@QAE@XZ 00406880 f   EndoScopeMFC.obj
 0001:000058b0       ??_GCEndoScopeMFCApp@@UAEPAXI@Z 004068b0 f i EndoScopeMFC.obj
 0001:000058b0       ??_ECEndoScopeMFCApp@@UAEPAXI@Z 004068b0 f i * CIL library *:* CIL module *
 0001:000058e0       ??1CEndoScopeMFCApp@@UAE@XZ 004068e0 f i EndoScopeMFC.obj
 0001:00005900       ?__autoclassinit@CEndoScopeMFCApp@@QAEXI@Z 00406900 f i EndoScopeMFC.obj
 0001:00005920       ?__autoclassinit@CWinApp@@QAEXI@Z 00406920 f i EndoScopeMFC.obj
 0001:00005a10       ?__autoclassinit@CWinThread@@QAEXI@Z 00406a10 f i EndoScopeMFC.obj
 0001:00005a70       ?ExceptionHandler@@YGJPAU_EXCEPTION_POINTERS@@@Z 00406a70 f   EndoScopeMFC.obj
 0001:00005b10       ?InitInstance@CEndoScopeMFCApp@@UAEHXZ 00406b10 f   EndoScopeMFC.obj
 0001:00005ce0       ?__autoclassinit@CDC@@QAEXI@Z 00406ce0 f i EndoScopeMFCDlg.obj
 0001:00005ce0       ?__autoclassinit@CShellManager@@QAEXI@Z 00406ce0 f i EndoScopeMFC.obj
 0001:00005d10       ?__autoclassinit@CEndoScopeMFCDlg@@QAEXI@Z 00406d10 f i EndoScopeMFC.obj
 0001:00005e60       ?__autoclassinit@CDialogEx@@QAEXI@Z 00406e60 f i EndoScopeMFC.obj
 0001:00005ea0       ?__autoclassinit@CStatic@@QAEXI@Z 00406ea0 f i EndoScopeMFC.obj
 0001:00005ea0       ?__autoclassinit@CEdit@@QAEXI@Z 00406ea0 f i EndoScopeMFCDlg.obj
 0001:00005ec0       ?__autoclassinit@CEDSCapture@@QAEXI@Z 00406ec0 f i EndoScopeMFC.obj
 0001:00005f60       ?__autoclassinit@CSetPSW@@QAEXI@Z 00406f60 f i Login.obj
 0001:00005f60       ?__autoclassinit@CAboutDlg@@QAEXI@Z 00406f60 f i EndoScopeMFC.obj
 0001:00005f80       ?__autoclassinit@CDialog@@QAEXI@Z 00406f80 f i EndoScopeMFC.obj
 0001:00005ff0       ?__autoclassinit@?$vector@PAUIBaseFilter@@V?$allocator@PAUIBaseFilter@@@std@@@std@@QAEXI@Z 00406ff0 f i EndoScopeMFC.obj
 0001:00006010       ?__autoclassinit@CEDSGrabberCB@@QAEXI@Z 00407010 f i EndoScopeMFC.obj
 0001:00006030       ?__autoclassinit@?$_Vector_alloc@$0A@U?$_Vec_base_types@PAUIBaseFilter@@V?$allocator@PAUIBaseFilter@@@std@@@std@@@std@@QAEXI@Z 00407030 f i EndoScopeMFC.obj
 0001:00006050       ?__autoclassinit@?$_Vector_val@U?$_Simple_types@PAUIBaseFilter@@@std@@@std@@QAEXI@Z 00407050 f i EndoScopeMFC.obj
 0001:00006080       ?ExitInstance@CEndoScopeMFCApp@@UAEHXZ 00407080 f   EndoScopeMFC.obj
 0001:000060a0       ?GetApplicationRecoveryPingInterval@CWinApp@@UAEKXZ 004070a0 f i EndoScopeMFC.obj
 0001:000060b0       ?GetApplicationRestartFlags@CWinApp@@UAEKXZ 004070b0 f i EndoScopeMFC.obj
 0001:000060b0       ?GetApplicationRecoveryParameter@CWinApp@@UAEPAXXZ 004070b0 f i EndoScopeMFC.obj
 0001:000060c0       ?RestoreAutosavedFilesAtRestart@CWinApp@@UBEHXZ 004070c0 f i EndoScopeMFC.obj
 0001:000060e0       ?ReopenPreviousFilesAtRestart@CWinApp@@UBEHXZ 004070e0 f i EndoScopeMFC.obj
 0001:00006100       ?SupportsAutosaveAtInterval@CWinApp@@UBEHXZ 00407100 f i EndoScopeMFC.obj
 0001:00006120       ?SupportsAutosaveAtRestart@CWinApp@@UBEHXZ 00407120 f i EndoScopeMFC.obj
 0001:00006140       ?SupportsApplicationRecovery@CWinApp@@UBEHXZ 00407140 f i EndoScopeMFC.obj
 0001:00006160       ?SupportsRestartManager@CWinApp@@UBEHXZ 00407160 f i EndoScopeMFC.obj
 0001:00006180       ?__autoclassinit@CWnd@@QAEXI@Z 00407180 f i EndoScopeMFC.obj
 0001:00006200       ??2CObject@@SGPAXI@Z       00407200 f i EndoScopeMFC.obj
 0001:00006220       ?__autoclassinit@CCmdTarget@@QAEXI@Z 00407220 f i EndoScopeMFC.obj
 0001:00006250       ??0String@cv@@QAE@PBD@Z    00407250 f i EndoScopeMFCDlg.obj
 0001:000062d0       ??1String@cv@@QAE@XZ       004072d0 f i EndoScopeMFCDlg.obj
 0001:000062f0       ?init@_InputArray@cv@@IAEXHPBX@Z 004072f0 f i EndoScopeMFCDlg.obj
 0001:00006310       ??0_InputArray@cv@@QAE@XZ  00407310 f i EndoScopeMFCDlg.obj
 0001:00006340       ??0_InputArray@cv@@QAE@ABVMat@1@@Z 00407340 f i EndoScopeMFCDlg.obj
 0001:00006370       ??0_OutputArray@cv@@QAE@AAVMat@1@@Z 00407370 f i EndoScopeMFCDlg.obj
 0001:000063e0       ??1_OutputArray@cv@@QAE@XZ 004073e0 f i EndoScopeMFCDlg.obj
 0001:00006400       ??0Mat@cv@@QAE@XZ          00407400 f i EndoScopeMFCDlg.obj
 0001:00006490       ??0Mat@cv@@QAE@HHH@Z       00407490 f i EndoScopeMFCDlg.obj
 0001:00006540       ??0Mat@cv@@QAE@HHHABV?$Scalar_@N@1@@Z 00407540 f i EndoScopeMFCDlg.obj
 0001:00006600       ??0Mat@cv@@QAE@V?$Size_@H@1@H@Z 00407600 f i EndoScopeMFCDlg.obj
 0001:000066b0       ??0Mat@cv@@QAE@HHHPAXI@Z   004076b0 f i EndoScopeMFCDlg.obj
 0001:00006910       ??1Mat@cv@@QAE@XZ          00407910 f i EndoScopeMFCDlg.obj
 0001:00006950       ?create@Mat@cv@@QAEXHHH@Z  00407950 f i EndoScopeMFCDlg.obj
 0001:000069e0       ?release@Mat@cv@@QAEXXZ    004079e0 f i EndoScopeMFCDlg.obj
 0001:00006a80       ??RMat@cv@@QBE?AV01@ABV?$Rect_@H@1@@Z 00407a80 f i EndoScopeMFCDlg.obj
 0001:00006ac0       ?type@Mat@cv@@QBEHXZ       00407ac0 f i EndoScopeMFCDlg.obj
 0001:00006ae0       ?empty@Mat@cv@@QBE_NXZ     00407ae0 f i EndoScopeMFCDlg.obj
 0001:00006b20       ?total@Mat@cv@@QBEIXZ      00407b20 f i EndoScopeMFCDlg.obj
 0001:00006b90       ??4Mat@cv@@QAEAAV01@$$QAV01@@Z 00407b90 f i EndoScopeMFCDlg.obj
 0001:00006d50       ??0MatSize@cv@@QAE@PAH@Z   00407d50 f i EndoScopeMFCDlg.obj
 0001:00006d70       ??AMatStep@cv@@QAEAAIH@Z   00407d70 f i EndoScopeMFCDlg.obj
 0001:00006d70       ??AMatSize@cv@@QBEABHH@Z   00407d70 f i EndoScopeMFCDlg.obj
 0001:00006d90       ??0MatStep@cv@@QAE@XZ      00407d90 f i EndoScopeMFCDlg.obj
 0001:00006de0       ??0String@cv@@QAE@ABV?$basic_string@DU?$char_traits@D@std@@V?$allocator@D@2@@std@@@Z 00407de0 f i EndoScopeMFCDlg.obj
 0001:00006ea0       ?NowEnter@CPLC@@QAEHXZ     00407ea0 f i EndoScopeMFCDlg.obj
 0001:00006ef0       ?OverEnter@CPLC@@QAEHXZ    00407ef0 f i EndoScopeMFCDlg.obj
 0001:00006f40       ?NowVideo@CPLC@@QAEHXZ     00407f40 f i EndoScopeMFCDlg.obj
 0001:00006f90       ?StopVideo@CPLC@@QAEHXZ    00407f90 f i EndoScopeMFCDlg.obj
 0001:00006fe0       ?NowSave@CPLC@@QAEHXZ      00407fe0 f i EndoScopeMFCDlg.obj
 0001:00007030       ?OverSave@CPLC@@QAEHXZ     00408030 f i EndoScopeMFCDlg.obj
 0001:00007080       ?NotLink@CPLC@@QAEHXZ      00408080 f i EndoScopeMFCDlg.obj
 0001:000070d0       ?AverageMetering@CPLC@@QAEHXZ 004080d0 f i EndoScopeMFCDlg.obj
 0001:00007170       ?PeakMetering@CPLC@@QAEHXZ 00408170 f i EndoScopeMFCDlg.obj
 0001:00007210       ?B@CPLC@@QAEHH@Z           00408210 f i EndoScopeMFCDlg.obj
 0001:00007300       ?R@CPLC@@QAEHH@Z           00408300 f i EndoScopeMFCDlg.obj
 0001:000073f0       ?Zoom1@CPLC@@QAEHXZ        004083f0 f i EndoScopeMFCDlg.obj
 0001:00007440       ?Zoom2@CPLC@@QAEHXZ        00408440 f i EndoScopeMFCDlg.obj
 0001:00007490       ?Zoom3@CPLC@@QAEHXZ        00408490 f i EndoScopeMFCDlg.obj
 0001:000074e0       ?Zoom4@CPLC@@QAEHXZ        004084e0 f i EndoScopeMFCDlg.obj
 0001:00007530       ?SetCircular@CPLC@@QAEHXZ  00408530 f i EndoScopeMFCDlg.obj
 0001:00007580       ?SetSquare@CPLC@@QAEHXZ    00408580 f i EndoScopeMFCDlg.obj
 0001:000075d0       ?OpenLight@CPLC@@QAEHXZ    004085d0 f i EndoScopeMFCDlg.obj
 0001:00007620       ?CloseLight@CPLC@@QAEHXZ   00408620 f i EndoScopeMFCDlg.obj
 0001:00007670       ?Light@CPLC@@QAEHH@Z       00408670 f i EndoScopeMFCDlg.obj
 0001:000076d0       ?Brightness0@CPLC@@QAEHXZ  004086d0 f i EndoScopeMFCDlg.obj
 0001:00007780       ?Brightness1@CPLC@@QAEHXZ  00408780 f i EndoScopeMFCDlg.obj
 0001:00007830       ?Brightness2@CPLC@@QAEHXZ  00408830 f i EndoScopeMFCDlg.obj
 0001:000078e0       ?Brightness3@CPLC@@QAEHXZ  004088e0 f i EndoScopeMFCDlg.obj
 0001:00007990       ?Brightness4@CPLC@@QAEHXZ  00408990 f i EndoScopeMFCDlg.obj
 0001:00007a40       ?Brightness5@CPLC@@QAEHXZ  00408a40 f i EndoScopeMFCDlg.obj
 0001:00007af0       ?Brightness6@CPLC@@QAEHXZ  00408af0 f i EndoScopeMFCDlg.obj
 0001:00007ba0       ?Brightness7@CPLC@@QAEHXZ  00408ba0 f i EndoScopeMFCDlg.obj
 0001:00007c50       ?Brightness8@CPLC@@QAEHXZ  00408c50 f i EndoScopeMFCDlg.obj
 0001:00007d00       ?Brightness9@CPLC@@QAEHXZ  00408d00 f i EndoScopeMFCDlg.obj
 0001:00007db0       ?Brightness10@CPLC@@QAEHXZ 00408db0 f i EndoScopeMFCDlg.obj
 0001:00007e60       ?Brightness11@CPLC@@QAEHXZ 00408e60 f i EndoScopeMFCDlg.obj
 0001:00007f10       ?Brightness12@CPLC@@QAEHXZ 00408f10 f i EndoScopeMFCDlg.obj
 0001:00007fc0       ?Brightness13@CPLC@@QAEHXZ 00408fc0 f i EndoScopeMFCDlg.obj
 0001:00008070       ?Brightness14@CPLC@@QAEHXZ 00409070 f i EndoScopeMFCDlg.obj
 0001:00008120       ?Brightness15@CPLC@@QAEHXZ 00409120 f i EndoScopeMFCDlg.obj
 0001:000081d0       ?Brightness16@CPLC@@QAEHXZ 004091d0 f i EndoScopeMFCDlg.obj
 0001:00008280       ?Brightness17@CPLC@@QAEHXZ 00409280 f i EndoScopeMFCDlg.obj
 0001:00008330       ?Brightness18@CPLC@@QAEHXZ 00409330 f i EndoScopeMFCDlg.obj
 0001:000083e0       ?Brightness19@CPLC@@QAEHXZ 004093e0 f i EndoScopeMFCDlg.obj
 0001:00008490       ?Brightness20@CPLC@@QAEHXZ 00409490 f i EndoScopeMFCDlg.obj
 0001:00008540       ?Contrast@CPLC@@QAEHH@Z    00409540 f i EndoScopeMFCDlg.obj
 0001:00008610       ?Saturation@CPLC@@QAEHH@Z  00409610 f i EndoScopeMFCDlg.obj
 0001:000086e0       ?Exposure0@CPLC@@QAEHXZ    004096e0 f i EndoScopeMFCDlg.obj
 0001:000087b0       ?Exposure1@CPLC@@QAEHXZ    004097b0 f i EndoScopeMFCDlg.obj
 0001:00008860       ?Exposure2@CPLC@@QAEHXZ    00409860 f i EndoScopeMFCDlg.obj
 0001:00008910       ?Exposure3@CPLC@@QAEHXZ    00409910 f i EndoScopeMFCDlg.obj
 0001:000089c0       ?Exposure4@CPLC@@QAEHXZ    004099c0 f i EndoScopeMFCDlg.obj
 0001:00008a70       ?Exposure5@CPLC@@QAEHXZ    00409a70 f i EndoScopeMFCDlg.obj
 0001:00008b20       ?Exposure6@CPLC@@QAEHXZ    00409b20 f i EndoScopeMFCDlg.obj
 0001:00008bd0       ?Exposure7@CPLC@@QAEHXZ    00409bd0 f i EndoScopeMFCDlg.obj
 0001:00008c80       ?Exposure8@CPLC@@QAEHXZ    00409c80 f i EndoScopeMFCDlg.obj
 0001:00008d30       ?Exposure9@CPLC@@QAEHXZ    00409d30 f i EndoScopeMFCDlg.obj
 0001:00008de0       ?Exposure10@CPLC@@QAEHXZ   00409de0 f i EndoScopeMFCDlg.obj
 0001:00008e90       ?Sharpness@CPLC@@QAEHH@Z   00409e90 f i EndoScopeMFCDlg.obj
 0001:00008f60       ?Gain@CPLC@@QAEHH@Z        00409f60 f i EndoScopeMFCDlg.obj
 0001:00009030       ?WhiteBalance@CPLC@@QAEHXZ 0040a030 f i EndoScopeMFCDlg.obj
 0001:000090b0       ?MenuStart@CPLC@@QAEHXZ    0040a0b0 f i EndoScopeMFCDlg.obj
 0001:00009130       ?MenuStop@CPLC@@QAEHXZ     0040a130 f i EndoScopeMFCDlg.obj
 0001:000091b0       ?MenuUp@CPLC@@QAEHXZ       0040a1b0 f i EndoScopeMFCDlg.obj
 0001:00009230       ?MenuDown@CPLC@@QAEHXZ     0040a230 f i EndoScopeMFCDlg.obj
 0001:000092b0       ?MenuLeft@CPLC@@QAEHXZ     0040a2b0 f i EndoScopeMFCDlg.obj
 0001:00009330       ?MenuRight@CPLC@@QAEHXZ    0040a330 f i EndoScopeMFCDlg.obj
 0001:000093b0       ?MenuEnter@CPLC@@QAEHXZ    0040a3b0 f i EndoScopeMFCDlg.obj
 0001:00009430       ?FirstDriveFromMask@@YADK@Z 0040a430 f   EndoScopeMFCDlg.obj
 0001:00009470       ??0CAboutDlg@@QAE@XZ       0040a470 f   EndoScopeMFCDlg.obj
 0001:00009540       ??_GCAboutDlg@@UAEPAXI@Z   0040a540 f i EndoScopeMFCDlg.obj
 0001:00009540       ??_ECAboutDlg@@UAEPAXI@Z   0040a540 f i * CIL library *:* CIL module *
 0001:00009570       ??1CAboutDlg@@UAE@XZ       0040a570 f i EndoScopeMFCDlg.obj
 0001:000095b0       ?GetMessageMap@CAboutDlg@@MBEPBUAFX_MSGMAP@@XZ 0040a5b0 f   EndoScopeMFCDlg.obj
 0001:000095c0       ?GetThisMessageMap@CAboutDlg@@KGPBUAFX_MSGMAP@@XZ 0040a5c0 f   EndoScopeMFCDlg.obj
 0001:000095d0       ?OnClose@CAboutDlg@@QAEXXZ 0040a5d0 f   EndoScopeMFCDlg.obj
 0001:000095f0       ?OnInitDialog@CAboutDlg@@UAEHXZ 0040a5f0 f   EndoScopeMFCDlg.obj
 0001:00009660       ??0CEndoScopeMFCDlg@@QAE@PAVCWnd@@@Z 0040a660 f   EndoScopeMFCDlg.obj
 0001:000097e0       ??_ECEndoScopeMFCDlg@@UAEPAXI@Z 0040a7e0 f i * CIL library *:* CIL module *
 0001:000097e0       ??_GCEndoScopeMFCDlg@@UAEPAXI@Z 0040a7e0 f i EndoScopeMFCDlg.obj
 0001:00009810       ??1CEndoScopeMFCDlg@@UAE@XZ 0040a810 f   EndoScopeMFCDlg.obj
 0001:00009b40       ?GetMessageMap@CEndoScopeMFCDlg@@MBEPBUAFX_MSGMAP@@XZ 0040ab40 f   EndoScopeMFCDlg.obj
 0001:00009b50       ?GetThisMessageMap@CEndoScopeMFCDlg@@KGPBUAFX_MSGMAP@@XZ 0040ab50 f   EndoScopeMFCDlg.obj
 0001:00009b60       ?OnInitDialog@CEndoScopeMFCDlg@@MAEHXZ 0040ab60 f   EndoScopeMFCDlg.obj
 0001:00009d50       ?OnSysCommand@CEndoScopeMFCDlg@@IAEXIJ@Z 0040ad50 f   EndoScopeMFCDlg.obj
 0001:00009e00       ?OnPaint@CEndoScopeMFCDlg@@IAEXXZ 0040ae00 f   EndoScopeMFCDlg.obj
 0001:00009f20       ?__autoclassinit@CPaintDC@@QAEXI@Z 0040af20 f i EndoScopeMFCDlg.obj
 0001:00009f50       ?OnQueryDragIcon@CEndoScopeMFCDlg@@IAEPAUHICON__@@XZ 0040af50 f   EndoScopeMFCDlg.obj
 0001:00009f70       ?InitializecvWindow@CEndoScopeMFCDlg@@AAEXXZ 0040af70 f   EndoScopeMFCDlg.obj
 0001:0000a080       ?WindowProc@CEndoScopeMFCDlg@@MAEJIIJ@Z 0040b080 f   EndoScopeMFCDlg.obj
 0001:0000a270       ?SetInitValue@CEndoScopeMFCDlg@@QAEXXZ 0040b270 f   EndoScopeMFCDlg.obj
 0001:0000a6a0       ?InitializePLC@CEndoScopeMFCDlg@@AAEXXZ 0040b6a0 f   EndoScopeMFCDlg.obj
 0001:0000a820       ?__autoclassinit@CPLC@@QAEXI@Z 0040b820 f i EndoScopeMFCDlg.obj
 0001:0000a860       ?__autoclassinit@CLightComIO@@QAEXI@Z 0040b860 f i EndoScopeMFCDlg.obj
 0001:0000a860       ?__autoclassinit@CVideoComIO@@QAEXI@Z 0040b860 f i EndoScopeMFCDlg.obj
 0001:0000a890       ?__autoclassinit@CProcessCard@@QAEXI@Z 0040b890 f i EndoScopeMFCDlg.obj
 0001:0000a8c0       ?OnBnClickedButRun@CEndoScopeMFCDlg@@QAEXXZ 0040b8c0 f   EndoScopeMFCDlg.obj
 0001:0000a900       ?InitParameter@CEndoScopeMFCDlg@@AAEXXZ 0040b900 f   EndoScopeMFCDlg.obj
 0001:0000acc0       ?OnBnClickedButPause@CEndoScopeMFCDlg@@QAEXXZ 0040bcc0 f   EndoScopeMFCDlg.obj
 0001:0000ad00       ?OnBnClickedButStop@CEndoScopeMFCDlg@@QAEXXZ 0040bd00 f   EndoScopeMFCDlg.obj
 0001:0000ad40       ?SavePicThreadProc@CEndoScopeMFCDlg@@CAIPAX@Z 0040bd40 f   EndoScopeMFCDlg.obj
 0001:0000af20       ?ShotPicWindow@CEndoScopeMFCDlg@@QAEXXZ 0040bf20 f   EndoScopeMFCDlg.obj
 0001:0000b0a0       ?GetSaveImgPath@CEndoScopeMFCDlg@@QAE?AV?$basic_string@DU?$char_traits@D@std@@V?$allocator@D@2@@std@@H@Z 0040c0a0 f   EndoScopeMFCDlg.obj
 0001:0000b3c0       ?InitializeFormBoxLayout@CEndoScopeMFCDlg@@QAEXXZ 0040c3c0 f   EndoScopeMFCDlg.obj
 0001:0000bec0       ?OnCtlColor@CEndoScopeMFCDlg@@QAEPAUHBRUSH__@@PAVCDC@@PAVCWnd@@I@Z 0040cec0 f   EndoScopeMFCDlg.obj
 0001:0000bf80       ?SetPicWidowShape@CEndoScopeMFCDlg@@QAEXXZ 0040cf80 f   EndoScopeMFCDlg.obj
 0001:0000c2a0       ?VideoZoom@CEndoScopeMFCDlg@@AAEXXZ 0040d2a0 f   EndoScopeMFCDlg.obj
 0001:0000c430       ?PreTranslateMessage@CEndoScopeMFCDlg@@UAEHPAUtagMSG@@@Z 0040d430 f   EndoScopeMFCDlg.obj
 0001:0000c900       ?ShowCurrentDateTime@CEndoScopeMFCDlg@@AAEXXZ 0040d900 f   EndoScopeMFCDlg.obj
 0001:0000c9e0       ?OnTimer@CEndoScopeMFCDlg@@QAEXI@Z 0040d9e0 f   EndoScopeMFCDlg.obj
 0001:0000caa0       ?InitializeThread@CEndoScopeMFCDlg@@AAEXXZ 0040daa0 f   EndoScopeMFCDlg.obj
 0001:0000cae0       ?RecvVideoThreadFunc@CEndoScopeMFCDlg@@CAIPAX@Z 0040dae0 f   EndoScopeMFCDlg.obj
 0001:0000d010       ?ScreenCAPThreadProc@CEndoScopeMFCDlg@@CAIPAX@Z 0040e010 f   EndoScopeMFCDlg.obj
 0001:0000d160       ?ShowEndoscopeInfo@CEndoScopeMFCDlg@@QAEXPAEH@Z 0040e160 f   EndoScopeMFCDlg.obj
 0001:0000d460       ?OnCtlData@CEndoScopeMFCDlg@@QAEJIJ@Z 0040e460 f   EndoScopeMFCDlg.obj
 0001:0000d750       ?ImageSetting@CEndoScopeMFCDlg@@QAEXPAE@Z 0040e750 f   EndoScopeMFCDlg.obj
 0001:0000d8d0       ?UpdateWhiteBalance@CEndoScopeMFCDlg@@QAEXXZ 0040e8d0 f   EndoScopeMFCDlg.obj
 0001:0000d940       ?LightControler@CEndoScopeMFCDlg@@QAEXPAE@Z 0040e940 f   EndoScopeMFCDlg.obj
 0001:0000d9d0       ?RestoreFactorySetting@CEndoScopeMFCDlg@@QAEXXZ 0040e9d0 f   EndoScopeMFCDlg.obj
 0001:0000df40       ?SetModeofMeterLight@CEndoScopeMFCDlg@@QAEXPAE@Z 0040ef40 f   EndoScopeMFCDlg.obj
 0001:0000e000       ?ChangeImageRB@CEndoScopeMFCDlg@@QAEXPAEH@Z 0040f000 f   EndoScopeMFCDlg.obj
 0001:0000e590       ?SaveVideo@CEndoScopeMFCDlg@@QAEXXZ 0040f590 f   EndoScopeMFCDlg.obj
 0001:0000e770       ?MoveDatatoUSBDevice@CEndoScopeMFCDlg@@QAEXXZ 0040f770 f   EndoScopeMFCDlg.obj
 0001:0000e7b0       ?EnterPatientInfo@CEndoScopeMFCDlg@@QAEXXZ 0040f7b0 f   EndoScopeMFCDlg.obj
 0001:0000e930       ?BrightnessAdd@CEndoScopeMFCDlg@@AAEXXZ 0040f930 f   EndoScopeMFCDlg.obj
 0001:0000eb00       ?BrightnessSub@CEndoScopeMFCDlg@@AAEXXZ 0040fb00 f   EndoScopeMFCDlg.obj
 0001:0000ecd0       ?ContrastAdd@CEndoScopeMFCDlg@@AAEXXZ 0040fcd0 f   EndoScopeMFCDlg.obj
[...]
 0002:00003ffc       __unwindtable$?_Buynode0@?$_List_alloc@$0A@U?$_List_base_types@PAEV?$allocator@PAE@std@@@std@@@std@@QAEPAU?$_List_node@PAEPAX@2@PAU32@0@Z 0041dffc     * CIL library *:* CIL module *
 0002:0000400c       __tryblocktable$?_Buynode0@?$_List_alloc@$0A@U?$_List_base_types@PAEV?$allocator@PAE@std@@@std@@@std@@QAEPAU?$_List_node@PAEPAX@2@PAU32@0@Z 0041e00c     * CIL library *:* CIL module *
 0002:00004020       __catchsym$?_Buynode0@?$_List_alloc@$0A@U?$_List_base_types@PAEV?$allocator@PAE@std@@@std@@@std@@QAEPAU?$_List_node@PAEPAX@2@PAU32@0@Z$2 0041e020     * CIL library *:* CIL module *
 0002:00004030       __ehfuncinfo$?_Endwrite@?$basic_filebuf@DU?$char_traits@D@std@@@std@@IAE_NXZ 0041e030     * CIL library *:* CIL module *
 0002:00004054       __unwindtable$?_Endwrite@?$basic_filebuf@DU?$char_traits@D@std@@@std@@IAE_NXZ 0041e054     * CIL library *:* CIL module *
 0002:0000405c       __ehfuncinfo$?open@?$basic_filebuf@DU?$char_traits@D@std@@@std@@QAEPAV12@PBDHH@Z 0041e05c     * CIL library *:* CIL module *
 0002:00004080       __unwindtable$?open@?$basic_filebuf@DU?$char_traits@D@std@@@std@@QAEPAV12@PBDHH@Z 0041e080     * CIL library *:* CIL module *
 0002:00004088       __ehfuncinfo$??0?$basic_filebuf@DU?$char_traits@D@std@@@std@@QAE@PAU_iobuf@@@Z 0041e088     * CIL library *:* CIL module *
 0002:000040ac       __unwindtable$??0?$basic_filebuf@DU?$char_traits@D@std@@@std@@QAE@PAU_iobuf@@@Z 0041e0ac     * CIL library *:* CIL module *
 0002:000040b4       __ehfuncinfo$??0?$basic_ifstream@DU?$char_traits@D@std@@@std@@QAE@PBDHH@Z 0041e0b4     * CIL library *:* CIL module *
 0002:000040d8       __unwindtable$??0?$basic_ifstream@DU?$char_traits@D@std@@@std@@QAE@PBDHH@Z 0041e0d8     * CIL library *:* CIL module *
 0002:000040f0       __ehfuncinfo$?uflow@?$basic_filebuf@DU?$char_traits@D@std@@@std@@MAEHXZ 0041e0f0     * CIL library *:* CIL module *
 0002:00004114       __unwindtable$?uflow@?$basic_filebuf@DU?$char_traits@D@std@@@std@@MAEHXZ 0041e114     * CIL library *:* CIL module *
 0002:0000411c       __ehfuncinfo$?overflow@?$basic_filebuf@DU?$char_traits@D@std@@@std@@MAEHH@Z 0041e11c     * CIL library *:* CIL module *
 0002:00004140       __unwindtable$?overflow@?$basic_filebuf@DU?$char_traits@D@std@@@std@@MAEHH@Z 0041e140     * CIL library *:* CIL module *
 0002:00004148       __ehfuncinfo$??0?$basic_ofstream@DU?$char_traits@D@std@@@std@@QAE@PBDHH@Z 0041e148     * CIL library *:* CIL module *
 0002:0000416c       __unwindtable$??0?$basic_ofstream@DU?$char_traits@D@std@@@std@@QAE@PBDHH@Z 0041e16c     * CIL library *:* CIL module *
 0002:00004184       __ehfuncinfo$??HATL@@YA?AV?$CStringT@DV?$StrTraitMFC_DLL@DV?$ChTraitsCRT@D@ATL@@@@@0@ABV10@PBD@Z 0041e184     * CIL library *:* CIL module *
 0002:00004184       __ehfuncinfo$??HATL@@YA?AV?$CStringT@DV?$StrTraitMFC_DLL@DV?$ChTraitsCRT@D@ATL@@@@@0@ABV10@0@Z 0041e184     * CIL library *:* CIL module *
 0002:000041a8       __unwindtable$??HATL@@YA?AV?$CStringT@DV?$StrTraitMFC_DLL@DV?$ChTraitsCRT@D@ATL@@@@@0@ABV10@0@Z 0041e1a8     * CIL library *:* CIL module *
 0002:000041a8       __unwindtable$??HATL@@YA?AV?$CStringT@DV?$StrTraitMFC_DLL@DV?$ChTraitsCRT@D@ATL@@@@@0@ABV10@PBD@Z 0041e1a8     * CIL library *:* CIL module *
 0002:000041b0       __ehfuncinfo$?GetPicture@CEndoScopeMFCDlg@@QAEPAEXZ 0041e1b0     * CIL library *:* CIL module *
 0002:000041d4       __unwindtable$?GetPicture@CEndoScopeMFCDlg@@QAEPAEXZ 0041e1d4     * CIL library *:* CIL module *
 0002:000041e4       __tryblocktable$?GetPicture@CEndoScopeMFCDlg@@QAEPAEXZ 0041e1e4     * CIL library *:* CIL module *
 0002:000041f8       __catchsym$?GetPicture@CEndoScopeMFCDlg@@QAEPAEXZ$2 0041e1f8     * CIL library *:* CIL module *
 0002:00004208       __ehfuncinfo$?IniWhilteLamda@CEndoScopeMFCDlg@@QAEXXZ 0041e208     * CIL library *:* CIL module *
 0002:0000422c       __unwindtable$?IniWhilteLamda@CEndoScopeMFCDlg@@QAEXXZ 0041e22c     * CIL library *:* CIL module *
 0002:0000423c       __ehfuncinfo$?CalWhilteLamda@CEndoScopeMFCDlg@@QAEXPAE@Z 0041e23c     * CIL library *:* CIL module *
 0002:00004260       __unwindtable$?CalWhilteLamda@CEndoScopeMFCDlg@@QAEXPAE@Z 0041e260     * CIL library *:* CIL module *
 0002:00004290       __ehfuncinfo$?SaveToPeripherals@CEndoScopeMFCDlg@@AAEXXZ 0041e290     * CIL library *:* CIL module *
 0002:000042b4       __unwindtable$?SaveToPeripherals@CEndoScopeMFCDlg@@AAEXXZ 0041e2b4     * CIL library *:* CIL module *
 0002:000042ec       __ehfuncinfo$?CutDirFileAPI@@YAHV?$CStringT@DV?$StrTraitMFC_DLL@DV?$ChTraitsCRT@D@ATL@@@@@ATL@@0@Z 0041e2ec     * CIL library *:* CIL module *
 0002:00004310       __unwindtable$?CutDirFileAPI@@YAHV?$CStringT@DV?$StrTraitMFC_DLL@DV?$ChTraitsCRT@D@ATL@@@@@ATL@@0@Z 0041e310     * CIL library *:* CIL module *
 0002:00004338       __ehfuncinfo$?SaveVideo@CEndoScopeMFCDlg@@QAEXXZ 0041e338     * CIL library *:* CIL module *
 0002:0000435c       __unwindtable$?SaveVideo@CEndoScopeMFCDlg@@QAEXXZ 0041e35c     * CIL library *:* CIL module *
 0002:0000436c       __ehfuncinfo$?OnCtlData@CEndoScopeMFCDlg@@QAEJIJ@Z 0041e36c     * CIL library *:* CIL module *
 0002:00004390       __unwindtable$?OnCtlData@CEndoScopeMFCDlg@@QAEJIJ@Z 0041e390     * CIL library *:* CIL module *
 0002:00004398       __ehfuncinfo$?ShowEndoscopeInfo@CEndoScopeMFCDlg@@QAEXPAEH@Z 0041e398     * CIL library *:* CIL module *
 0002:000043bc       __unwindtable$?ShowEndoscopeInfo@CEndoScopeMFCDlg@@QAEXPAEH@Z 0041e3bc     * CIL library *:* CIL module *
 0002:000043dc       __ehfuncinfo$?ScreenCAPThreadProc@CEndoScopeMFCDlg@@CAIPAX@Z 0041e3dc     * CIL library *:* CIL module *
 0002:00004400       __unwindtable$?ScreenCAPThreadProc@CEndoScopeMFCDlg@@CAIPAX@Z 0041e400     * CIL library *:* CIL module *
 0002:00004408       __ehfuncinfo$?RecvVideoThreadFunc@CEndoScopeMFCDlg@@CAIPAX@Z 0041e408     * CIL library *:* CIL module *
 0002:00004430       __unwindtable$?RecvVideoThreadFunc@CEndoScopeMFCDlg@@CAIPAX@Z 0041e430     * CIL library *:* CIL module *
 0002:00004488       __ehfuncinfo$?ShowCurrentDateTime@CEndoScopeMFCDlg@@AAEXXZ 0041e488     * CIL library *:* CIL module *
 0002:000044ac       __unwindtable$?ShowCurrentDateTime@CEndoScopeMFCDlg@@AAEXXZ 0041e4ac     * CIL library *:* CIL module *
 0002:000044b4       __ehfuncinfo$?SetPicWidowShape@CEndoScopeMFCDlg@@QAEXXZ 0041e4b4     * CIL library *:* CIL module *
 0002:000044d8       __unwindtable$?SetPicWidowShape@CEndoScopeMFCDlg@@QAEXXZ 0041e4d8     * CIL library *:* CIL module *
 0002:000044e8       __ehfuncinfo$?InitializeFormBoxLayout@CEndoScopeMFCDlg@@QAEXXZ 0041e4e8     * CIL library *:* CIL module *
 0002:0000450c       __unwindtable$?InitializeFormBoxLayout@CEndoScopeMFCDlg@@QAEXXZ 0041e50c     * CIL library *:* CIL module *
 0002:00004514       __ehfuncinfo$?GetSaveImgPath@CEndoScopeMFCDlg@@QAE?AV?$basic_string@DU?$char_traits@D@std@@V?$allocator@D@2@@std@@H@Z 0041e514     * CIL library *:* CIL module *
 0002:00004538       __unwindtable$?GetSaveImgPath@CEndoScopeMFCDlg@@QAE?AV?$basic_string@DU?$char_traits@D@std@@V?$allocator@D@2@@std@@H@Z 0041e538     * CIL library *:* CIL module *
 0002:00004568       __ehfuncinfo$?OnInitDialog@Login@@UAEHXZ 0041e568     * CIL library *:* CIL module *
 0002:00004568       __ehfuncinfo$?ShotPicWindow@CEndoScopeMFCDlg@@QAEXXZ 0041e568     * CIL library *:* CIL module *
 0002:0000458c       __unwindtable$?ShotPicWindow@CEndoScopeMFCDlg@@QAEXXZ 0041e58c     * CIL library *:* CIL module *
 0002:0000458c       __unwindtable$?OnInitDialog@Login@@UAEHXZ 0041e58c     * CIL library *:* CIL module *
 0002:00004594       __ehfuncinfo$?SavePicThreadProc@CEndoScopeMFCDlg@@CAIPAX@Z 0041e594     * CIL library *:* CIL module *
 0002:000045b8       __unwindtable$?SavePicThreadProc@CEndoScopeMFCDlg@@CAIPAX@Z 0041e5b8     * CIL library *:* CIL module *
 0002:000045e0       __ehfuncinfo$?InitParameter@CEndoScopeMFCDlg@@AAEXXZ 0041e5e0     * CIL library *:* CIL module *
 0002:00004604       __unwindtable$?InitParameter@CEndoScopeMFCDlg@@AAEXXZ 0041e604     * CIL library *:* CIL module *
 0002:00004614       __ehfuncinfo$?InitializePLC@CEndoScopeMFCDlg@@AAEXXZ 0041e614     * CIL library *:* CIL module *
 0002:00004638       __unwindtable$?InitializePLC@CEndoScopeMFCDlg@@AAEXXZ 0041e638     * CIL library *:* CIL module *
 0002:00004648       __ehfuncinfo$?WindowProc@CEndoScopeMFCDlg@@MAEJIIJ@Z 0041e648     * CIL library *:* CIL module *
 0002:0000466c       __unwindtable$?WindowProc@CEndoScopeMFCDlg@@MAEJIIJ@Z 0041e66c     * CIL library *:* CIL module *
 0002:0000467c       __ehfuncinfo$?InitializecvWindow@CEndoScopeMFCDlg@@AAEXXZ 0041e67c     * CIL library *:* CIL module *
 0002:000046a0       __unwindtable$?InitializecvWindow@CEndoScopeMFCDlg@@AAEXXZ 0041e6a0     * CIL library *:* CIL module *
 0002:000046b0       __ehfuncinfo$?OnPaint@CEndoScopeMFCDlg@@IAEXXZ 0041e6b0     * CIL library *:* CIL module *
 0002:000046d4       __unwindtable$?OnPaint@CEndoScopeMFCDlg@@IAEXXZ 0041e6d4     * CIL library *:* CIL module *
 0002:000046dc       __ehfuncinfo$?OnSysCommand@CEndoScopeMFCDlg@@IAEXIJ@Z 0041e6dc     * CIL library *:* CIL module *
 0002:00004700       __unwindtable$?OnSysCommand@CEndoScopeMFCDlg@@IAEXIJ@Z 0041e700     * CIL library *:* CIL module *
 0002:00004708       __ehfuncinfo$?OnInitDialog@CEndoScopeMFCDlg@@MAEHXZ 0041e708     * CIL library *:* CIL module *
 0002:0000472c       __unwindtable$?OnInitDialog@CEndoScopeMFCDlg@@MAEHXZ 0041e72c     * CIL library *:* CIL module *
 0002:00004734       __ehfuncinfo$??0CAboutDlg@@QAE@XZ 0041e734     * CIL library *:* CIL module *
 0002:00004758       __unwindtable$??0CAboutDlg@@QAE@XZ 0041e758     * CIL library *:* CIL module *
 0002:00004770       __ehfuncinfo$??0Mat@cv@@QAE@HHHPAXI@Z 0041e770     * CIL library *:* CIL module *
 0002:00004794       __unwindtable$??0Mat@cv@@QAE@HHHPAXI@Z 0041e794     * CIL library *:* CIL module *
 0002:000047a4       __ehfuncinfo$??0_OutputArray@cv@@QAE@AAVMat@1@@Z 0041e7a4     * CIL library *:* CIL module *
 0002:000047c8       __unwindtable$??0_OutputArray@cv@@QAE@AAVMat@1@@Z 0041e7c8     * CIL library *:* CIL module *
 0002:000047d0       __ehfuncinfo$??0CEndoScopeMFCDlg@@QAE@PAVCWnd@@@Z 0041e7d0     * CIL library *:* CIL module *
 0002:000047f8       __unwindtable$??0CEndoScopeMFCDlg@@QAE@PAVCWnd@@@Z 0041e7f8     * CIL library *:* CIL module *
 0002:00004860       __ehfuncinfo$??1CEndoScopeMFCDlg@@UAE@XZ 0041e860     * CIL library *:* CIL module *
 0002:00004888       __unwindtable$??1CEndoScopeMFCDlg@@UAE@XZ 0041e888     * CIL library *:* CIL module *
 0002:000048f0       __ehfuncinfo$?OnBnClickedOk@Login@@QAEXXZ 0041e8f0     * CIL library *:* CIL module *
 0002:00004914       __unwindtable$?OnBnClickedOk@Login@@QAEXXZ 0041e914     * CIL library *:* CIL module *
 0002:0000493c       __ehfuncinfo$?OnBnClickedBtnSetpsw@Login@@QAEXXZ 0041e93c     * CIL library *:* CIL module *
 0002:00004960       __unwindtable$?OnBnClickedBtnSetpsw@Login@@QAEXXZ 0041e960     * CIL library *:* CIL module *
 0002:00004968       __ehfuncinfo$??0Login@@QAE@PAVCWnd@@@Z 0041e968     * CIL library *:* CIL module *
 0002:00004990       __unwindtable$??0Login@@QAE@PAVCWnd@@@Z 0041e990     * CIL library *:* CIL module *
 0002:000049d0       __ehfuncinfo$??1Login@@UAE@XZ 0041e9d0     * CIL library *:* CIL module *
 0002:000049f4       __unwindtable$??1Login@@UAE@XZ 0041e9f4     * CIL library *:* CIL module *
 0002:00004a0c       __ehfuncinfo$??1CPLC@@UAE@XZ 0041ea0c     * CIL library *:* CIL module *
 0002:00004a30       __unwindtable$??1CPLC@@UAE@XZ 0041ea30     * CIL library *:* CIL module *
 0002:00004a48       __ehfuncinfo$??0CPLC@@QAE@XZ 0041ea48     * CIL library *:* CIL module *
 0002:00004a6c       __unwindtable$??0CPLC@@QAE@XZ 0041ea6c     * CIL library *:* CIL module *
 0002:00004a8c       __ehfuncinfo$?VideoInitialize@CPLC@@QAE_NV?$CStringT@DV?$StrTraitMFC_DLL@DV?$ChTraitsCRT@D@ATL@@@@@ATL@@H@Z 0041ea8c     * CIL library *:* CIL module *
 0002:00004a8c       __ehfuncinfo$?ProcessCardInitialize@CPLC@@QAE_NV?$CStringT@DV?$StrTraitMFC_DLL@DV?$ChTraitsCRT@D@ATL@@@@@ATL@@H@Z 0041ea8c     * CIL library *:* CIL module *
 0002:00004ab0       __unwindtable$?ProcessCardInitialize@CPLC@@QAE_NV?$CStringT@DV?$StrTraitMFC_DLL@DV?$ChTraitsCRT@D@ATL@@@@@ATL@@H@Z 0041eab0     * CIL library *:* CIL module *
 0002:00004ab0       __unwindtable$?VideoInitialize@CPLC@@QAE_NV?$CStringT@DV?$StrTraitMFC_DLL@DV?$ChTraitsCRT@D@ATL@@@@@ATL@@H@Z 0041eab0     * CIL library *:* CIL module *
 0002:00004ab8       __ehfuncinfo$?Initialize@CVideoComIO@@QAE_NV?$CStringT@DV?$StrTraitMFC_DLL@DV?$ChTraitsCRT@D@ATL@@@@@ATL@@H@Z 0041eab8     * CIL library *:* CIL module *
 0002:00004ab8       __ehfuncinfo$?Initialize@CProcessCard@@QAE_NV?$CStringT@DV?$StrTraitMFC_DLL@DV?$ChTraitsCRT@D@ATL@@@@@ATL@@H@Z 0041eab8     * CIL library *:* CIL module *
 0002:00004adc       __unwindtable$?Initialize@CVideoComIO@@QAE_NV?$CStringT@DV?$StrTraitMFC_DLL@DV?$ChTraitsCRT@D@ATL@@@@@ATL@@H@Z 0041eadc     * CIL library *:* CIL module *
 0002:00004adc       __unwindtable$?Initialize@CProcessCard@@QAE_NV?$CStringT@DV?$StrTraitMFC_DLL@DV?$ChTraitsCRT@D@ATL@@@@@ATL@@H@Z 0041eadc     * CIL library *:* CIL module *
 0002:00004ae4       __ehfuncinfo$?SendData@CProcessCard@@QAEHPAEH@Z 0041eae4     * CIL library *:* CIL module *
 0002:00004b08       __unwindtable$?SendData@CProcessCard@@QAEHPAEH@Z 0041eb08     * CIL library *:* CIL module *
 0002:00004b18       __tryblocktable$?SendData@CProcessCard@@QAEHPAEH@Z 0041eb18     * CIL library *:* CIL module *
 0002:00004b2c       __catchsym$?SendData@CProcessCard@@QAEHPAEH@Z$4 0041eb2c     * CIL library *:* CIL module *
 0002:00004b5c       __ehfuncinfo$?OnRecv@CVideoComIO@@QAEIPAX@Z 0041eb5c     * CIL library *:* CIL module *
 0002:00004b80       __unwindtable$?OnRecv@CVideoComIO@@QAEIPAX@Z 0041eb80     * CIL library *:* CIL module *
 0002:00004b90       __ehfuncinfo$?SendData@CVideoComIO@@QAEHPAEH@Z 0041eb90     * CIL library *:* CIL module *
 0002:00004bb4       __unwindtable$?SendData@CVideoComIO@@QAEHPAEH@Z 0041ebb4     * CIL library *:* CIL module *
 0002:00004bc4       __tryblocktable$?SendData@CVideoComIO@@QAEHPAEH@Z 0041ebc4     * CIL library *:* CIL module *
 0002:00004bd8       __catchsym$?SendData@CVideoComIO@@QAEHPAEH@Z$4 0041ebd8     * CIL library *:* CIL module *
 0002:0000550c       .idata$6                   0041f50c     mfc110:mfc110.dll
 0002:000056bc       .idata$6                   0041f6bc     msvcrt:MSVCR110.dll
 0002:00005b20       .idata$6                   0041fb20     kernel32:KERNEL32.dll
 0002:00005c58       .idata$6                   0041fc58     user32:USER32.dll
 0002:00005cf0       .idata$6                   0041fcf0     gdi32:GDI32.dll
 0002:00005d0e       .idata$6                   0041fd0e     shell32:SHELL32.dll
 0002:00005d32       .idata$6                   0041fd32     comctl32:COMCTL32.dll
 0002:00005d54       .idata$6                   0041fd54     shlwapi:SHLWAPI.dll
 0002:00005da6       .idata$6                   0041fda6     ole32:ole32.dll
 0002:00005db0       .idata$6                   0041fdb0     oleaut32:OLEAUT32.dll
 0002:00006da8       .idata$6                   00420da8     msvcprt:MSVCP110.dll
 0002:00006f2a       .idata$6                   00420f2a     opencv_core320:opencv_core320.dll
 0002:00006fd2       .idata$6                   00420fd2     opencv_highgui320:opencv_highgui320.dll
 0002:00007042       .idata$6                   00421042     opencv_imgcodecs320:opencv_imgcodecs320.dll
 0002:000070f4       .idata$6                   004210f4     opencv_imgproc320:opencv_imgproc320.dll
 0002:00007166       .idata$6                   00421166     opencv_videoio320:opencv_videoio320.dll
 0002:00007190       .idata$6                   00421190     Dbghelp:dbghelp.dll
 0003:00000218       _current_pack_lock         00422218     * CIL library *:* CIL module *
 0003:00000628       _GS_ExceptionRecord        00422628     msvcrt:gs_report.obj
 0003:00000678       _GS_ContextRecord          00422678     msvcrt:gs_report.obj
 0003:00000944       _DebuggerWasPresent        00422944     msvcrt:gs_report.obj
 0003:00000948       _mainret                   00422948     msvcrt:crtexew.obj
 0003:0000094c       _has_cctor                 0042294c     msvcrt:crtexew.obj
 0003:00000950       _argc                      00422950     msvcrt:crtexew.obj
 0003:00000954       _argv                      00422954     msvcrt:crtexew.obj
 0003:00000958       _envp                      00422958     msvcrt:crtexew.obj
 0003:0000095c       _argret                    0042295c     msvcrt:crtexew.obj
 0003:00000960       _managedapp                00422960     msvcrt:crtexew.obj
 0003:00000964       _startinfo                 00422964     msvcrt:crtexew.obj
 0003:00000978       __Fac_head                 00422978     msvcprt:locale0_implib.obj
 0003:0000097c       __Fac_tidy_reg             0042297c     msvcprt:locale0_implib.obj
 0003:000009fc       _bSaveVideoStart           004229fc     * CIL library *:* CIL module *
 0003:00000a04       __have_init_fifo           00422a04     * CIL library *:* CIL module *
 0003:00000a08       _queueLock                 00422a08     * CIL library *:* CIL module *
 0003:00000a14       __have_init_pack           00422a14     * CIL library *:* CIL module *
 0003:00000a18       _GenericSansSerifFontFamilyBuffer 00422a18     * CIL library *:* CIL module *
 0003:00000a20       _GenericTypographicStringFormatBuffer 00422a20     * CIL library *:* CIL module *
 0003:00000a28       _GenericMonospaceFontFamilyBuffer 00422a28     * CIL library *:* CIL module *
 0003:00000a30       _GenericDefaultStringFormatBuffer 00422a30     * CIL library *:* CIL module *
 0003:00000a38       _GenericSerifFontFamilyBuffer 00422a38     * CIL library *:* CIL module *
 0003:00000b94       _allocator_arg             00422b94     * CIL library *:* CIL module *
 0003:00000b95       _piecewise_construct       00422b95     * CIL library *:* CIL module *
 0003:00000b98       _dataQueue                 00422b98     * CIL library *:* CIL module *
 0003:0278dc08       _packQueue                 02bafc08     * CIL library *:* CIL module *
 0003:02cd3c20       ?bshot@?1??ShotPicWindow@CEndoScopeMFCDlg@@QAEXXZ@4_NA 030f5c20     * CIL library *:* CIL module *
 0004:00000500       $R000000                   030f6500     EndoScopeMFC.res
 0004:00000b68       $R000668                   030f6b68     EndoScopeMFC.res
 0004:00000e50       $R000950                   030f6e50     EndoScopeMFC.res
 0004:00001038       $R000B38                   030f7038     EndoScopeMFC.res
 0004:00001160       $R000C60                   030f7160     EndoScopeMFC.res
 0004:00002008       $R001B08                   030f8008     EndoScopeMFC.res
 0004:000028b0       $R0023B0                   030f88b0     EndoScopeMFC.res
 0004:00002f78       $R002A78                   030f8f78     EndoScopeMFC.res
 0004:000034e0       $R002FE0                   030f94e0     EndoScopeMFC.res
 0004:0000c8b0       $R00C3B0                   031028b0     EndoScopeMFC.res
 0004:0000ee58       $R00E958                   03104e58     EndoScopeMFC.res
 0004:0000ff00       $R00FA00                   03105f00     EndoScopeMFC.res
 0004:00010888       $R010388                   03106888     EndoScopeMFC.res
 0004:00010cf0       $R0107F0                   03106cf0     EndoScopeMFC.res
 0004:00010db0       $R0108B0                   03106db0     EndoScopeMFC.res
 0004:00010e60       $R010960                   03106e60     EndoScopeMFC.res
 0004:000114d0       $R010FD0                   031074d0     EndoScopeMFC.res
 0004:00011670       $R011170                   03107670     EndoScopeMFC.res
 0004:000117e8       $R0112E8                   031077e8     EndoScopeMFC.res
 0004:00011ae8       $R0115E8                   03107ae8     EndoScopeMFC.res
 0004:00011af0       $R0115F0                   03107af0     EndoScopeMFC.res
 0004:00011b40       $R011640                   03107b40     EndoScopeMFC.res
